
AVRASM ver. 2.1.30  D:\TranMinhTrung_N21DCVT110_KTVXL\TranMinhTrung_CVAVR\List\hello1.asm Tue Dec 26 21:19:06 2023

D:\TranMinhTrung_N21DCVT110_KTVXL\TranMinhTrung_CVAVR\List\hello1.asm(1059): warning: Register r4 already defined by the .DEF directive
D:\TranMinhTrung_N21DCVT110_KTVXL\TranMinhTrung_CVAVR\List\hello1.asm(1060): warning: Register r6 already defined by the .DEF directive
D:\TranMinhTrung_N21DCVT110_KTVXL\TranMinhTrung_CVAVR\List\hello1.asm(1061): warning: Register r8 already defined by the .DEF directive
D:\TranMinhTrung_N21DCVT110_KTVXL\TranMinhTrung_CVAVR\List\hello1.asm(1062): warning: Register r11 already defined by the .DEF directive
D:\TranMinhTrung_N21DCVT110_KTVXL\TranMinhTrung_CVAVR\List\hello1.asm(1063): warning: Register r10 already defined by the .DEF directive
D:\TranMinhTrung_N21DCVT110_KTVXL\TranMinhTrung_CVAVR\List\hello1.asm(1064): warning: Register r13 already defined by the .DEF directive
                 
                 
                 ;CodeVisionAVR C Compiler V2.05.0 Professional
                 ;(C) Copyright 1998-2010 Pavel Haiduc, HP InfoTech s.r.l.
                 ;http://www.hpinfotech.com
                 
                 ;Chip type                : ATmega16
                 ;Program type             : Application
                 ;Clock frequency          : 8.000000 MHz
                 ;Memory model             : Small
                 ;Optimize for             : Size
                 ;(s)printf features       : int, width
                 ;(s)scanf features        : int, width
                 ;External RAM size        : 0
                 ;Data Stack size          : 256 byte(s)
                 ;Heap size                : 0 byte(s)
                 ;Promote 'char' to 'int'  : Yes
                 ;'char' is unsigned       : Yes
                 ;8 bit enums              : Yes
                 ;global 'const' stored in FLASH: No
                 ;Enhanced core instructions    : On
                 ;Smart register allocation     : On
                 ;Automatic register allocation : On
                 
                 	#pragma AVRPART ADMIN PART_NAME ATmega16
                 	#pragma AVRPART MEMORY PROG_FLASH 16384
                 	#pragma AVRPART MEMORY EEPROM 512
                 	#pragma AVRPART MEMORY INT_SRAM SIZE 1119
                 	#pragma AVRPART MEMORY INT_SRAM START_ADDR 0x60
                 
                 	#define CALL_SUPPORTED 1
                 
                 	.LISTMAC
                 	.EQU UDRE=0x5
                 	.EQU RXC=0x7
                 	.EQU USR=0xB
                 	.EQU UDR=0xC
                 	.EQU SPSR=0xE
                 	.EQU SPDR=0xF
                 	.EQU EERE=0x0
                 	.EQU EEWE=0x1
                 	.EQU EEMWE=0x2
                 	.EQU EECR=0x1C
                 	.EQU EEDR=0x1D
                 	.EQU EEARL=0x1E
                 	.EQU EEARH=0x1F
                 	.EQU WDTCR=0x21
                 	.EQU MCUCR=0x35
                 	.EQU GICR=0x3B
                 	.EQU SPL=0x3D
                 	.EQU SPH=0x3E
                 	.EQU SREG=0x3F
                 
                 	.DEF R0X0=R0
                 	.DEF R0X1=R1
                 	.DEF R0X2=R2
                 	.DEF R0X3=R3
                 	.DEF R0X4=R4
                 	.DEF R0X5=R5
                 	.DEF R0X6=R6
                 	.DEF R0X7=R7
                 	.DEF R0X8=R8
                 	.DEF R0X9=R9
                 	.DEF R0XA=R10
                 	.DEF R0XB=R11
                 	.DEF R0XC=R12
                 	.DEF R0XD=R13
                 	.DEF R0XE=R14
                 	.DEF R0XF=R15
                 	.DEF R0X10=R16
                 	.DEF R0X11=R17
                 	.DEF R0X12=R18
                 	.DEF R0X13=R19
                 	.DEF R0X14=R20
                 	.DEF R0X15=R21
                 	.DEF R0X16=R22
                 	.DEF R0X17=R23
                 	.DEF R0X18=R24
                 	.DEF R0X19=R25
                 	.DEF R0X1A=R26
                 	.DEF R0X1B=R27
                 	.DEF R0X1C=R28
                 	.DEF R0X1D=R29
                 	.DEF R0X1E=R30
                 	.DEF R0X1F=R31
                 
                 	.EQU __SRAM_START=0x0060
                 	.EQU __SRAM_END=0x045F
                 	.EQU __DSTACK_SIZE=0x0100
                 	.EQU __HEAP_SIZE=0x0000
                 	.EQU __CLEAR_SRAM_SIZE=__SRAM_END-__SRAM_START+1
                 
                 	.MACRO __CPD1N
                 	CPI  R30,LOW(@0)
                 	LDI  R26,HIGH(@0)
                 	CPC  R31,R26
                 	LDI  R26,BYTE3(@0)
                 	CPC  R22,R26
                 	LDI  R26,BYTE4(@0)
                 	CPC  R23,R26
                 	.ENDM
                 
                 	.MACRO __CPD2N
                 	CPI  R26,LOW(@0)
                 	LDI  R30,HIGH(@0)
                 	CPC  R27,R30
                 	LDI  R30,BYTE3(@0)
                 	CPC  R24,R30
                 	LDI  R30,BYTE4(@0)
                 	CPC  R25,R30
                 	.ENDM
                 
                 	.MACRO __CPWRR
                 	CP   R@0,R@2
                 	CPC  R@1,R@3
                 	.ENDM
                 
                 	.MACRO __CPWRN
                 	CPI  R@0,LOW(@2)
                 	LDI  R30,HIGH(@2)
                 	CPC  R@1,R30
                 	.ENDM
                 
                 	.MACRO __ADDB1MN
                 	SUBI R30,LOW(-@0-(@1))
                 	.ENDM
                 
                 	.MACRO __ADDB2MN
                 	SUBI R26,LOW(-@0-(@1))
                 	.ENDM
                 
                 	.MACRO __ADDW1MN
                 	SUBI R30,LOW(-@0-(@1))
                 	SBCI R31,HIGH(-@0-(@1))
                 	.ENDM
                 
                 	.MACRO __ADDW2MN
                 	SUBI R26,LOW(-@0-(@1))
                 	SBCI R27,HIGH(-@0-(@1))
                 	.ENDM
                 
                 	.MACRO __ADDW1FN
                 	SUBI R30,LOW(-2*@0-(@1))
                 	SBCI R31,HIGH(-2*@0-(@1))
                 	.ENDM
                 
                 	.MACRO __ADDD1FN
                 	SUBI R30,LOW(-2*@0-(@1))
                 	SBCI R31,HIGH(-2*@0-(@1))
                 	SBCI R22,BYTE3(-2*@0-(@1))
                 	.ENDM
                 
                 	.MACRO __ADDD1N
                 	SUBI R30,LOW(-@0)
                 	SBCI R31,HIGH(-@0)
                 	SBCI R22,BYTE3(-@0)
                 	SBCI R23,BYTE4(-@0)
                 	.ENDM
                 
                 	.MACRO __ADDD2N
                 	SUBI R26,LOW(-@0)
                 	SBCI R27,HIGH(-@0)
                 	SBCI R24,BYTE3(-@0)
                 	SBCI R25,BYTE4(-@0)
                 	.ENDM
                 
                 	.MACRO __SUBD1N
                 	SUBI R30,LOW(@0)
                 	SBCI R31,HIGH(@0)
                 	SBCI R22,BYTE3(@0)
                 	SBCI R23,BYTE4(@0)
                 	.ENDM
                 
                 	.MACRO __SUBD2N
                 	SUBI R26,LOW(@0)
                 	SBCI R27,HIGH(@0)
                 	SBCI R24,BYTE3(@0)
                 	SBCI R25,BYTE4(@0)
                 	.ENDM
                 
                 	.MACRO __ANDBMNN
                 	LDS  R30,@0+(@1)
                 	ANDI R30,LOW(@2)
                 	STS  @0+(@1),R30
                 	.ENDM
                 
                 	.MACRO __ANDWMNN
                 	LDS  R30,@0+(@1)
                 	ANDI R30,LOW(@2)
                 	STS  @0+(@1),R30
                 	LDS  R30,@0+(@1)+1
                 	ANDI R30,HIGH(@2)
                 	STS  @0+(@1)+1,R30
                 	.ENDM
                 
                 	.MACRO __ANDD1N
                 	ANDI R30,LOW(@0)
                 	ANDI R31,HIGH(@0)
                 	ANDI R22,BYTE3(@0)
                 	ANDI R23,BYTE4(@0)
                 	.ENDM
                 
                 	.MACRO __ANDD2N
                 	ANDI R26,LOW(@0)
                 	ANDI R27,HIGH(@0)
                 	ANDI R24,BYTE3(@0)
                 	ANDI R25,BYTE4(@0)
                 	.ENDM
                 
                 	.MACRO __ORBMNN
                 	LDS  R30,@0+(@1)
                 	ORI  R30,LOW(@2)
                 	STS  @0+(@1),R30
                 	.ENDM
                 
                 	.MACRO __ORWMNN
                 	LDS  R30,@0+(@1)
                 	ORI  R30,LOW(@2)
                 	STS  @0+(@1),R30
                 	LDS  R30,@0+(@1)+1
                 	ORI  R30,HIGH(@2)
                 	STS  @0+(@1)+1,R30
                 	.ENDM
                 
                 	.MACRO __ORD1N
                 	ORI  R30,LOW(@0)
                 	ORI  R31,HIGH(@0)
                 	ORI  R22,BYTE3(@0)
                 	ORI  R23,BYTE4(@0)
                 	.ENDM
                 
                 	.MACRO __ORD2N
                 	ORI  R26,LOW(@0)
                 	ORI  R27,HIGH(@0)
                 	ORI  R24,BYTE3(@0)
                 	ORI  R25,BYTE4(@0)
                 	.ENDM
                 
                 	.MACRO __DELAY_USB
                 	LDI  R24,LOW(@0)
                 __DELAY_USB_LOOP:
                 	DEC  R24
                 	BRNE __DELAY_USB_LOOP
                 	.ENDM
                 
                 	.MACRO __DELAY_USW
                 	LDI  R24,LOW(@0)
                 	LDI  R25,HIGH(@0)
                 __DELAY_USW_LOOP:
                 	SBIW R24,1
                 	BRNE __DELAY_USW_LOOP
                 	.ENDM
                 
                 	.MACRO __GETD1S
                 	LDD  R30,Y+@0
                 	LDD  R31,Y+@0+1
                 	LDD  R22,Y+@0+2
                 	LDD  R23,Y+@0+3
                 	.ENDM
                 
                 	.MACRO __GETD2S
                 	LDD  R26,Y+@0
                 	LDD  R27,Y+@0+1
                 	LDD  R24,Y+@0+2
                 	LDD  R25,Y+@0+3
                 	.ENDM
                 
                 	.MACRO __PUTD1S
                 	STD  Y+@0,R30
                 	STD  Y+@0+1,R31
                 	STD  Y+@0+2,R22
                 	STD  Y+@0+3,R23
                 	.ENDM
                 
                 	.MACRO __PUTD2S
                 	STD  Y+@0,R26
                 	STD  Y+@0+1,R27
                 	STD  Y+@0+2,R24
                 	STD  Y+@0+3,R25
                 	.ENDM
                 
                 	.MACRO __PUTDZ2
                 	STD  Z+@0,R26
                 	STD  Z+@0+1,R27
                 	STD  Z+@0+2,R24
                 	STD  Z+@0+3,R25
                 	.ENDM
                 
                 	.MACRO __CLRD1S
                 	STD  Y+@0,R30
                 	STD  Y+@0+1,R30
                 	STD  Y+@0+2,R30
                 	STD  Y+@0+3,R30
                 	.ENDM
                 
                 	.MACRO __POINTB1MN
                 	LDI  R30,LOW(@0+(@1))
                 	.ENDM
                 
                 	.MACRO __POINTW1MN
                 	LDI  R30,LOW(@0+(@1))
                 	LDI  R31,HIGH(@0+(@1))
                 	.ENDM
                 
                 	.MACRO __POINTD1M
                 	LDI  R30,LOW(@0)
                 	LDI  R31,HIGH(@0)
                 	LDI  R22,BYTE3(@0)
                 	LDI  R23,BYTE4(@0)
                 	.ENDM
                 
                 	.MACRO __POINTW1FN
                 	LDI  R30,LOW(2*@0+(@1))
                 	LDI  R31,HIGH(2*@0+(@1))
                 	.ENDM
                 
                 	.MACRO __POINTD1FN
                 	LDI  R30,LOW(2*@0+(@1))
                 	LDI  R31,HIGH(2*@0+(@1))
                 	LDI  R22,BYTE3(2*@0+(@1))
                 	LDI  R23,BYTE4(2*@0+(@1))
                 	.ENDM
                 
                 	.MACRO __POINTB2MN
                 	LDI  R26,LOW(@0+(@1))
                 	.ENDM
                 
                 	.MACRO __POINTW2MN
                 	LDI  R26,LOW(@0+(@1))
                 	LDI  R27,HIGH(@0+(@1))
                 	.ENDM
                 
                 	.MACRO __POINTBRM
                 	LDI  R@0,LOW(@1)
                 	.ENDM
                 
                 	.MACRO __POINTWRM
                 	LDI  R@0,LOW(@2)
                 	LDI  R@1,HIGH(@2)
                 	.ENDM
                 
                 	.MACRO __POINTBRMN
                 	LDI  R@0,LOW(@1+(@2))
                 	.ENDM
                 
                 	.MACRO __POINTWRMN
                 	LDI  R@0,LOW(@2+(@3))
                 	LDI  R@1,HIGH(@2+(@3))
                 	.ENDM
                 
                 	.MACRO __POINTWRFN
                 	LDI  R@0,LOW(@2*2+(@3))
                 	LDI  R@1,HIGH(@2*2+(@3))
                 	.ENDM
                 
                 	.MACRO __GETD1N
                 	LDI  R30,LOW(@0)
                 	LDI  R31,HIGH(@0)
                 	LDI  R22,BYTE3(@0)
                 	LDI  R23,BYTE4(@0)
                 	.ENDM
                 
                 	.MACRO __GETD2N
                 	LDI  R26,LOW(@0)
                 	LDI  R27,HIGH(@0)
                 	LDI  R24,BYTE3(@0)
                 	LDI  R25,BYTE4(@0)
                 	.ENDM
                 
                 	.MACRO __GETB1MN
                 	LDS  R30,@0+(@1)
                 	.ENDM
                 
                 	.MACRO __GETB1HMN
                 	LDS  R31,@0+(@1)
                 	.ENDM
                 
                 	.MACRO __GETW1MN
                 	LDS  R30,@0+(@1)
                 	LDS  R31,@0+(@1)+1
                 	.ENDM
                 
                 	.MACRO __GETD1MN
                 	LDS  R30,@0+(@1)
                 	LDS  R31,@0+(@1)+1
                 	LDS  R22,@0+(@1)+2
                 	LDS  R23,@0+(@1)+3
                 	.ENDM
                 
                 	.MACRO __GETBRMN
                 	LDS  R@0,@1+(@2)
                 	.ENDM
                 
                 	.MACRO __GETWRMN
                 	LDS  R@0,@2+(@3)
                 	LDS  R@1,@2+(@3)+1
                 	.ENDM
                 
                 	.MACRO __GETWRZ
                 	LDD  R@0,Z+@2
                 	LDD  R@1,Z+@2+1
                 	.ENDM
                 
                 	.MACRO __GETD2Z
                 	LDD  R26,Z+@0
                 	LDD  R27,Z+@0+1
                 	LDD  R24,Z+@0+2
                 	LDD  R25,Z+@0+3
                 	.ENDM
                 
                 	.MACRO __GETB2MN
                 	LDS  R26,@0+(@1)
                 	.ENDM
                 
                 	.MACRO __GETW2MN
                 	LDS  R26,@0+(@1)
                 	LDS  R27,@0+(@1)+1
                 	.ENDM
                 
                 	.MACRO __GETD2MN
                 	LDS  R26,@0+(@1)
                 	LDS  R27,@0+(@1)+1
                 	LDS  R24,@0+(@1)+2
                 	LDS  R25,@0+(@1)+3
                 	.ENDM
                 
                 	.MACRO __PUTB1MN
                 	STS  @0+(@1),R30
                 	.ENDM
                 
                 	.MACRO __PUTW1MN
                 	STS  @0+(@1),R30
                 	STS  @0+(@1)+1,R31
                 	.ENDM
                 
                 	.MACRO __PUTD1MN
                 	STS  @0+(@1),R30
                 	STS  @0+(@1)+1,R31
                 	STS  @0+(@1)+2,R22
                 	STS  @0+(@1)+3,R23
                 	.ENDM
                 
                 	.MACRO __PUTB1EN
                 	LDI  R26,LOW(@0+(@1))
                 	LDI  R27,HIGH(@0+(@1))
                 	CALL __EEPROMWRB
                 	.ENDM
                 
                 	.MACRO __PUTW1EN
                 	LDI  R26,LOW(@0+(@1))
                 	LDI  R27,HIGH(@0+(@1))
                 	CALL __EEPROMWRW
                 	.ENDM
                 
                 	.MACRO __PUTD1EN
                 	LDI  R26,LOW(@0+(@1))
                 	LDI  R27,HIGH(@0+(@1))
                 	CALL __EEPROMWRD
                 	.ENDM
                 
                 	.MACRO __PUTBR0MN
                 	STS  @0+(@1),R0
                 	.ENDM
                 
                 	.MACRO __PUTBMRN
                 	STS  @0+(@1),R@2
                 	.ENDM
                 
                 	.MACRO __PUTWMRN
                 	STS  @0+(@1),R@2
                 	STS  @0+(@1)+1,R@3
                 	.ENDM
                 
                 	.MACRO __PUTBZR
                 	STD  Z+@1,R@0
                 	.ENDM
                 
                 	.MACRO __PUTWZR
                 	STD  Z+@2,R@0
                 	STD  Z+@2+1,R@1
                 	.ENDM
                 
                 	.MACRO __GETW1R
                 	MOV  R30,R@0
                 	MOV  R31,R@1
                 	.ENDM
                 
                 	.MACRO __GETW2R
                 	MOV  R26,R@0
                 	MOV  R27,R@1
                 	.ENDM
                 
                 	.MACRO __GETWRN
                 	LDI  R@0,LOW(@2)
                 	LDI  R@1,HIGH(@2)
                 	.ENDM
                 
                 	.MACRO __PUTW1R
                 	MOV  R@0,R30
                 	MOV  R@1,R31
                 	.ENDM
                 
                 	.MACRO __PUTW2R
                 	MOV  R@0,R26
                 	MOV  R@1,R27
                 	.ENDM
                 
                 	.MACRO __ADDWRN
                 	SUBI R@0,LOW(-@2)
                 	SBCI R@1,HIGH(-@2)
                 	.ENDM
                 
                 	.MACRO __ADDWRR
                 	ADD  R@0,R@2
                 	ADC  R@1,R@3
                 	.ENDM
                 
                 	.MACRO __SUBWRN
                 	SUBI R@0,LOW(@2)
                 	SBCI R@1,HIGH(@2)
                 	.ENDM
                 
                 	.MACRO __SUBWRR
                 	SUB  R@0,R@2
                 	SBC  R@1,R@3
                 	.ENDM
                 
                 	.MACRO __ANDWRN
                 	ANDI R@0,LOW(@2)
                 	ANDI R@1,HIGH(@2)
                 	.ENDM
                 
                 	.MACRO __ANDWRR
                 	AND  R@0,R@2
                 	AND  R@1,R@3
                 	.ENDM
                 
                 	.MACRO __ORWRN
                 	ORI  R@0,LOW(@2)
                 	ORI  R@1,HIGH(@2)
                 	.ENDM
                 
                 	.MACRO __ORWRR
                 	OR   R@0,R@2
                 	OR   R@1,R@3
                 	.ENDM
                 
                 	.MACRO __EORWRR
                 	EOR  R@0,R@2
                 	EOR  R@1,R@3
                 	.ENDM
                 
                 	.MACRO __GETWRS
                 	LDD  R@0,Y+@2
                 	LDD  R@1,Y+@2+1
                 	.ENDM
                 
                 	.MACRO __PUTBSR
                 	STD  Y+@1,R@0
                 	.ENDM
                 
                 	.MACRO __PUTWSR
                 	STD  Y+@2,R@0
                 	STD  Y+@2+1,R@1
                 	.ENDM
                 
                 	.MACRO __MOVEWRR
                 	MOV  R@0,R@2
                 	MOV  R@1,R@3
                 	.ENDM
                 
                 	.MACRO __INWR
                 	IN   R@0,@2
                 	IN   R@1,@2+1
                 	.ENDM
                 
                 	.MACRO __OUTWR
                 	OUT  @2+1,R@1
                 	OUT  @2,R@0
                 	.ENDM
                 
                 	.MACRO __CALL1MN
                 	LDS  R30,@0+(@1)
                 	LDS  R31,@0+(@1)+1
                 	ICALL
                 	.ENDM
                 
                 	.MACRO __CALL1FN
                 	LDI  R30,LOW(2*@0+(@1))
                 	LDI  R31,HIGH(2*@0+(@1))
                 	CALL __GETW1PF
                 	ICALL
                 	.ENDM
                 
                 	.MACRO __CALL2EN
                 	LDI  R26,LOW(@0+(@1))
                 	LDI  R27,HIGH(@0+(@1))
                 	CALL __EEPROMRDW
                 	ICALL
                 	.ENDM
                 
                 	.MACRO __GETW1STACK
                 	IN   R26,SPL
                 	IN   R27,SPH
                 	ADIW R26,@0+1
                 	LD   R30,X+
                 	LD   R31,X
                 	.ENDM
                 
                 	.MACRO __GETD1STACK
                 	IN   R26,SPL
                 	IN   R27,SPH
                 	ADIW R26,@0+1
                 	LD   R30,X+
                 	LD   R31,X+
                 	LD   R22,X
                 	.ENDM
                 
                 	.MACRO __NBST
                 	BST  R@0,@1
                 	IN   R30,SREG
                 	LDI  R31,0x40
                 	EOR  R30,R31
                 	OUT  SREG,R30
                 	.ENDM
                 
                 
                 	.MACRO __PUTB1SN
                 	LDD  R26,Y+@0
                 	LDD  R27,Y+@0+1
                 	SUBI R26,LOW(-@1)
                 	SBCI R27,HIGH(-@1)
                 	ST   X,R30
                 	.ENDM
                 
                 	.MACRO __PUTW1SN
                 	LDD  R26,Y+@0
                 	LDD  R27,Y+@0+1
                 	SUBI R26,LOW(-@1)
                 	SBCI R27,HIGH(-@1)
                 	ST   X+,R30
                 	ST   X,R31
                 	.ENDM
                 
                 	.MACRO __PUTD1SN
                 	LDD  R26,Y+@0
                 	LDD  R27,Y+@0+1
                 	SUBI R26,LOW(-@1)
                 	SBCI R27,HIGH(-@1)
                 	CALL __PUTDP1
                 	.ENDM
                 
                 	.MACRO __PUTB1SNS
                 	LDD  R26,Y+@0
                 	LDD  R27,Y+@0+1
                 	ADIW R26,@1
                 	ST   X,R30
                 	.ENDM
                 
                 	.MACRO __PUTW1SNS
                 	LDD  R26,Y+@0
                 	LDD  R27,Y+@0+1
                 	ADIW R26,@1
                 	ST   X+,R30
                 	ST   X,R31
                 	.ENDM
                 
                 	.MACRO __PUTD1SNS
                 	LDD  R26,Y+@0
                 	LDD  R27,Y+@0+1
                 	ADIW R26,@1
                 	CALL __PUTDP1
                 	.ENDM
                 
                 	.MACRO __PUTB1PMN
                 	LDS  R26,@0
                 	LDS  R27,@0+1
                 	SUBI R26,LOW(-@1)
                 	SBCI R27,HIGH(-@1)
                 	ST   X,R30
                 	.ENDM
                 
                 	.MACRO __PUTW1PMN
                 	LDS  R26,@0
                 	LDS  R27,@0+1
                 	SUBI R26,LOW(-@1)
                 	SBCI R27,HIGH(-@1)
                 	ST   X+,R30
                 	ST   X,R31
                 	.ENDM
                 
                 	.MACRO __PUTD1PMN
                 	LDS  R26,@0
                 	LDS  R27,@0+1
                 	SUBI R26,LOW(-@1)
                 	SBCI R27,HIGH(-@1)
                 	CALL __PUTDP1
                 	.ENDM
                 
                 	.MACRO __PUTB1PMNS
                 	LDS  R26,@0
                 	LDS  R27,@0+1
                 	ADIW R26,@1
                 	ST   X,R30
                 	.ENDM
                 
                 	.MACRO __PUTW1PMNS
                 	LDS  R26,@0
                 	LDS  R27,@0+1
                 	ADIW R26,@1
                 	ST   X+,R30
                 	ST   X,R31
                 	.ENDM
                 
                 	.MACRO __PUTD1PMNS
                 	LDS  R26,@0
                 	LDS  R27,@0+1
                 	ADIW R26,@1
                 	CALL __PUTDP1
                 	.ENDM
                 
                 	.MACRO __PUTB1RN
                 	MOVW R26,R@0
                 	SUBI R26,LOW(-@1)
                 	SBCI R27,HIGH(-@1)
                 	ST   X,R30
                 	.ENDM
                 
                 	.MACRO __PUTW1RN
                 	MOVW R26,R@0
                 	SUBI R26,LOW(-@1)
                 	SBCI R27,HIGH(-@1)
                 	ST   X+,R30
                 	ST   X,R31
                 	.ENDM
                 
                 	.MACRO __PUTD1RN
                 	MOVW R26,R@0
                 	SUBI R26,LOW(-@1)
                 	SBCI R27,HIGH(-@1)
                 	CALL __PUTDP1
                 	.ENDM
                 
                 	.MACRO __PUTB1RNS
                 	MOVW R26,R@0
                 	ADIW R26,@1
                 	ST   X,R30
                 	.ENDM
                 
                 	.MACRO __PUTW1RNS
                 	MOVW R26,R@0
                 	ADIW R26,@1
                 	ST   X+,R30
                 	ST   X,R31
                 	.ENDM
                 
                 	.MACRO __PUTD1RNS
                 	MOVW R26,R@0
                 	ADIW R26,@1
                 	CALL __PUTDP1
                 	.ENDM
                 
                 	.MACRO __PUTB1RON
                 	MOV  R26,R@0
                 	MOV  R27,R@1
                 	SUBI R26,LOW(-@2)
                 	SBCI R27,HIGH(-@2)
                 	ST   X,R30
                 	.ENDM
                 
                 	.MACRO __PUTW1RON
                 	MOV  R26,R@0
                 	MOV  R27,R@1
                 	SUBI R26,LOW(-@2)
                 	SBCI R27,HIGH(-@2)
                 	ST   X+,R30
                 	ST   X,R31
                 	.ENDM
                 
                 	.MACRO __PUTD1RON
                 	MOV  R26,R@0
                 	MOV  R27,R@1
                 	SUBI R26,LOW(-@2)
                 	SBCI R27,HIGH(-@2)
                 	CALL __PUTDP1
                 	.ENDM
                 
                 	.MACRO __PUTB1RONS
                 	MOV  R26,R@0
                 	MOV  R27,R@1
                 	ADIW R26,@2
                 	ST   X,R30
                 	.ENDM
                 
                 	.MACRO __PUTW1RONS
                 	MOV  R26,R@0
                 	MOV  R27,R@1
                 	ADIW R26,@2
                 	ST   X+,R30
                 	ST   X,R31
                 	.ENDM
                 
                 	.MACRO __PUTD1RONS
                 	MOV  R26,R@0
                 	MOV  R27,R@1
                 	ADIW R26,@2
                 	CALL __PUTDP1
                 	.ENDM
                 
                 
                 	.MACRO __GETB1SX
                 	MOVW R30,R28
                 	SUBI R30,LOW(-@0)
                 	SBCI R31,HIGH(-@0)
                 	LD   R30,Z
                 	.ENDM
                 
                 	.MACRO __GETB1HSX
                 	MOVW R30,R28
                 	SUBI R30,LOW(-@0)
                 	SBCI R31,HIGH(-@0)
                 	LD   R31,Z
                 	.ENDM
                 
                 	.MACRO __GETW1SX
                 	MOVW R30,R28
                 	SUBI R30,LOW(-@0)
                 	SBCI R31,HIGH(-@0)
                 	LD   R0,Z+
                 	LD   R31,Z
                 	MOV  R30,R0
                 	.ENDM
                 
                 	.MACRO __GETD1SX
                 	MOVW R30,R28
                 	SUBI R30,LOW(-@0)
                 	SBCI R31,HIGH(-@0)
                 	LD   R0,Z+
                 	LD   R1,Z+
                 	LD   R22,Z+
                 	LD   R23,Z
                 	MOVW R30,R0
                 	.ENDM
                 
                 	.MACRO __GETB2SX
                 	MOVW R26,R28
                 	SUBI R26,LOW(-@0)
                 	SBCI R27,HIGH(-@0)
                 	LD   R26,X
                 	.ENDM
                 
                 	.MACRO __GETW2SX
                 	MOVW R26,R28
                 	SUBI R26,LOW(-@0)
                 	SBCI R27,HIGH(-@0)
                 	LD   R0,X+
                 	LD   R27,X
                 	MOV  R26,R0
                 	.ENDM
                 
                 	.MACRO __GETD2SX
                 	MOVW R26,R28
                 	SUBI R26,LOW(-@0)
                 	SBCI R27,HIGH(-@0)
                 	LD   R0,X+
                 	LD   R1,X+
                 	LD   R24,X+
                 	LD   R25,X
                 	MOVW R26,R0
                 	.ENDM
                 
                 	.MACRO __GETBRSX
                 	MOVW R30,R28
                 	SUBI R30,LOW(-@1)
                 	SBCI R31,HIGH(-@1)
                 	LD   R@0,Z
                 	.ENDM
                 
                 	.MACRO __GETWRSX
                 	MOVW R30,R28
                 	SUBI R30,LOW(-@2)
                 	SBCI R31,HIGH(-@2)
                 	LD   R@0,Z+
                 	LD   R@1,Z
                 	.ENDM
                 
                 	.MACRO __GETBRSX2
                 	MOVW R26,R28
                 	SUBI R26,LOW(-@1)
                 	SBCI R27,HIGH(-@1)
                 	LD   R@0,X
                 	.ENDM
                 
                 	.MACRO __GETWRSX2
                 	MOVW R26,R28
                 	SUBI R26,LOW(-@2)
                 	SBCI R27,HIGH(-@2)
                 	LD   R@0,X+
                 	LD   R@1,X
                 	.ENDM
                 
                 	.MACRO __LSLW8SX
                 	MOVW R30,R28
                 	SUBI R30,LOW(-@0)
                 	SBCI R31,HIGH(-@0)
                 	LD   R31,Z
                 	CLR  R30
                 	.ENDM
                 
                 	.MACRO __PUTB1SX
                 	MOVW R26,R28
                 	SUBI R26,LOW(-@0)
                 	SBCI R27,HIGH(-@0)
                 	ST   X,R30
                 	.ENDM
                 
                 	.MACRO __PUTW1SX
                 	MOVW R26,R28
                 	SUBI R26,LOW(-@0)
                 	SBCI R27,HIGH(-@0)
                 	ST   X+,R30
                 	ST   X,R31
                 	.ENDM
                 
                 	.MACRO __PUTD1SX
                 	MOVW R26,R28
                 	SUBI R26,LOW(-@0)
                 	SBCI R27,HIGH(-@0)
                 	ST   X+,R30
                 	ST   X+,R31
                 	ST   X+,R22
                 	ST   X,R23
                 	.ENDM
                 
                 	.MACRO __CLRW1SX
                 	MOVW R26,R28
                 	SUBI R26,LOW(-@0)
                 	SBCI R27,HIGH(-@0)
                 	ST   X+,R30
                 	ST   X,R30
                 	.ENDM
                 
                 	.MACRO __CLRD1SX
                 	MOVW R26,R28
                 	SUBI R26,LOW(-@0)
                 	SBCI R27,HIGH(-@0)
                 	ST   X+,R30
                 	ST   X+,R30
                 	ST   X+,R30
                 	ST   X,R30
                 	.ENDM
                 
                 	.MACRO __PUTB2SX
                 	MOVW R30,R28
                 	SUBI R30,LOW(-@0)
                 	SBCI R31,HIGH(-@0)
                 	ST   Z,R26
                 	.ENDM
                 
                 	.MACRO __PUTW2SX
                 	MOVW R30,R28
                 	SUBI R30,LOW(-@0)
                 	SBCI R31,HIGH(-@0)
                 	ST   Z+,R26
                 	ST   Z,R27
                 	.ENDM
                 
                 	.MACRO __PUTD2SX
                 	MOVW R30,R28
                 	SUBI R30,LOW(-@0)
                 	SBCI R31,HIGH(-@0)
                 	ST   Z+,R26
                 	ST   Z+,R27
                 	ST   Z+,R24
                 	ST   Z,R25
                 	.ENDM
                 
                 	.MACRO __PUTBSRX
                 	MOVW R30,R28
                 	SUBI R30,LOW(-@1)
                 	SBCI R31,HIGH(-@1)
                 	ST   Z,R@0
                 	.ENDM
                 
                 	.MACRO __PUTWSRX
                 	MOVW R30,R28
                 	SUBI R30,LOW(-@2)
                 	SBCI R31,HIGH(-@2)
                 	ST   Z+,R@0
                 	ST   Z,R@1
                 	.ENDM
                 
                 	.MACRO __PUTB1SNX
                 	MOVW R26,R28
                 	SUBI R26,LOW(-@0)
                 	SBCI R27,HIGH(-@0)
                 	LD   R0,X+
                 	LD   R27,X
                 	MOV  R26,R0
                 	SUBI R26,LOW(-@1)
                 	SBCI R27,HIGH(-@1)
                 	ST   X,R30
                 	.ENDM
                 
                 	.MACRO __PUTW1SNX
                 	MOVW R26,R28
                 	SUBI R26,LOW(-@0)
                 	SBCI R27,HIGH(-@0)
                 	LD   R0,X+
                 	LD   R27,X
                 	MOV  R26,R0
                 	SUBI R26,LOW(-@1)
                 	SBCI R27,HIGH(-@1)
                 	ST   X+,R30
                 	ST   X,R31
                 	.ENDM
                 
                 	.MACRO __PUTD1SNX
                 	MOVW R26,R28
                 	SUBI R26,LOW(-@0)
                 	SBCI R27,HIGH(-@0)
                 	LD   R0,X+
                 	LD   R27,X
                 	MOV  R26,R0
                 	SUBI R26,LOW(-@1)
                 	SBCI R27,HIGH(-@1)
                 	ST   X+,R30
                 	ST   X+,R31
                 	ST   X+,R22
                 	ST   X,R23
                 	.ENDM
                 
                 	.MACRO __MULBRR
                 	MULS R@0,R@1
                 	MOVW R30,R0
                 	.ENDM
                 
                 	.MACRO __MULBRRU
                 	MUL  R@0,R@1
                 	MOVW R30,R0
                 	.ENDM
                 
                 	.MACRO __MULBRR0
                 	MULS R@0,R@1
                 	.ENDM
                 
                 	.MACRO __MULBRRU0
                 	MUL  R@0,R@1
                 	.ENDM
                 
                 	.MACRO __MULBNWRU
                 	LDI  R26,@2
                 	MUL  R26,R@0
                 	MOVW R30,R0
                 	MUL  R26,R@1
                 	ADD  R31,R0
                 	.ENDM
                 
                 ;NAME DEFINITIONS FOR GLOBAL VARIABLES ALLOCATED TO REGISTERS
                 	.DEF _cnt_int=R4
                 	.DEF _value_reg1=R6
                 	.DEF _value_reg2=R8
                 	.DEF _tram=R11
                 	.DEF _chuc=R10
                 	.DEF _donvi=R13
                 
                 	.CSEG
                 	.ORG 0x00
                 
                 ;START OF CODE MARKER
                 __START_OF_CODE:
                 
                 ;INTERRUPT VECTORS
000000 940c 007e 	JMP  __RESET
000002 940c 01f1 	JMP  _ext_int0_isr
000004 940c 0000 	JMP  0x00
000006 940c 0000 	JMP  0x00
000008 940c 0000 	JMP  0x00
00000a 940c 0000 	JMP  0x00
00000c 940c 0000 	JMP  0x00
00000e 940c 0000 	JMP  0x00
000010 940c 00ae 	JMP  _timer1_ovf_isr
000012 940c 0000 	JMP  0x00
000014 940c 0000 	JMP  0x00
000016 940c 00e5 	JMP  _usart_rx_isr
000018 940c 0000 	JMP  0x00
00001a 940c 0000 	JMP  0x00
00001c 940c 0000 	JMP  0x00
00001e 940c 0000 	JMP  0x00
000020 940c 0000 	JMP  0x00
000022 940c 0000 	JMP  0x00
000024 940c 0000 	JMP  0x00
000026 940c 0000 	JMP  0x00
000028 940c 0000 	JMP  0x00
                 
                 _tbl10_G101:
00002a 2710
00002b 03e8
00002c 0064
00002d 000a      	.DB  0x10,0x27,0xE8,0x3,0x64,0x0,0xA,0x0
00002e 0001      	.DB  0x1,0x0
                 _tbl16_G101:
00002f 1000
000030 0100
000031 0010
000032 0001      	.DB  0x0,0x10,0x0,0x1,0x10,0x0,0x1,0x0
                 
                 _0x4D:
000033 0000
000034 00e1
000035 007b      	.DB  0x0,0x0,0xE1,0x0,0x7B,0x0
                 _0x0:
000036 3046
000037 4442
000038 4500
000039 3731      	.DB  0x46,0x30,0x42,0x44,0x0,0x45,0x31,0x37
00003a 0042
00003b 3244
00003c 3933
00003d 4300      	.DB  0x42,0x0,0x44,0x32,0x33,0x39,0x0,0x43
00003e 4632
00003f 0036
000040 3342
000041 3442      	.DB  0x32,0x46,0x36,0x0,0x42,0x33,0x42,0x34
000042 4100
000043 3734
000044 0032
000045 3539      	.DB  0x0,0x41,0x34,0x37,0x32,0x0,0x39,0x35
000046 3033
000047 3800
000048 4535
000049 0044      	.DB  0x33,0x30,0x0,0x38,0x35,0x45,0x44,0x0
00004a 3637
00004b 4241
00004c 3600
00004d 3637      	.DB  0x37,0x36,0x41,0x42,0x0,0x36,0x37,0x36
00004e 0039
00004f 6e49
000050 6574
000051 7272      	.DB  0x39,0x0,0x49,0x6E,0x74,0x65,0x72,0x72
000052 7075
000053 2074
000054 6f43
000055 6e75      	.DB  0x75,0x70,0x74,0x20,0x43,0x6F,0x75,0x6E
000056 6574
000057 3a72
000058 0020      	.DB  0x74,0x65,0x72,0x3A,0x20,0x0
                 
                 __GLOBAL_INI_TBL:
000059 0005      	.DW  0x05
00005a 0160      	.DW  _0x17
00005b 006c      	.DW  _0x0*2
                 
00005c 0005      	.DW  0x05
00005d 0165      	.DW  _0x17+5
00005e 0071      	.DW  _0x0*2+5
                 
00005f 0005      	.DW  0x05
000060 016a      	.DW  _0x17+10
000061 0076      	.DW  _0x0*2+10
                 
000062 0005      	.DW  0x05
000063 016f      	.DW  _0x17+15
000064 007b      	.DW  _0x0*2+15
                 
000065 0005      	.DW  0x05
000066 0174      	.DW  _0x17+20
000067 0080      	.DW  _0x0*2+20
                 
000068 0005      	.DW  0x05
000069 0179      	.DW  _0x17+25
00006a 0085      	.DW  _0x0*2+25
                 
00006b 0005      	.DW  0x05
00006c 017e      	.DW  _0x17+30
00006d 008a      	.DW  _0x0*2+30
                 
00006e 0005      	.DW  0x05
00006f 0183      	.DW  _0x17+35
000070 008f      	.DW  _0x0*2+35
                 
000071 0005      	.DW  0x05
000072 0188      	.DW  _0x17+40
000073 0094      	.DW  _0x0*2+40
                 
000074 0005      	.DW  0x05
000075 018d      	.DW  _0x17+45
000076 0099      	.DW  _0x0*2+45
                 
000077 0014      	.DW  0x14
000078 0192      	.DW  _0x47
000079 009e      	.DW  _0x0*2+50
                 
00007a 0006      	.DW  0x06
00007b 0004      	.DW  0x04
00007c 0066      	.DW  _0x4D*2
                 
                 _0xFFFFFFFF:
00007d 0000      	.DW  0
                 
                 __RESET:
00007e 94f8      	CLI
00007f 27ee      	CLR  R30
000080 bbec      	OUT  EECR,R30
                 
                 ;INTERRUPT VECTORS ARE PLACED
                 ;AT THE START OF FLASH
000081 e0f1      	LDI  R31,1
000082 bffb      	OUT  GICR,R31
000083 bfeb      	OUT  GICR,R30
000084 bfe5      	OUT  MCUCR,R30
                 
                 ;DISABLE WATCHDOG
000085 e1f8      	LDI  R31,0x18
000086 bdf1      	OUT  WDTCR,R31
000087 bde1      	OUT  WDTCR,R30
                 
                 ;CLEAR R2-R14
000088 e08d      	LDI  R24,(14-2)+1
000089 e0a2      	LDI  R26,2
00008a 27bb      	CLR  R27
                 __CLEAR_REG:
00008b 93ed      	ST   X+,R30
00008c 958a      	DEC  R24
00008d f7e9      	BRNE __CLEAR_REG
                 
                 ;CLEAR SRAM
00008e e080      	LDI  R24,LOW(__CLEAR_SRAM_SIZE)
00008f e094      	LDI  R25,HIGH(__CLEAR_SRAM_SIZE)
000090 e6a0      	LDI  R26,__SRAM_START
                 __CLEAR_SRAM:
000091 93ed      	ST   X+,R30
000092 9701      	SBIW R24,1
000093 f7e9      	BRNE __CLEAR_SRAM
                 
                 ;GLOBAL VARIABLES INITIALIZATION
000094 ebe2      	LDI  R30,LOW(__GLOBAL_INI_TBL*2)
000095 e0f0      	LDI  R31,HIGH(__GLOBAL_INI_TBL*2)
                 __GLOBAL_INI_NEXT:
000096 9185      	LPM  R24,Z+
000097 9195      	LPM  R25,Z+
000098 9700      	SBIW R24,0
000099 f061      	BREQ __GLOBAL_INI_END
00009a 91a5      	LPM  R26,Z+
00009b 91b5      	LPM  R27,Z+
00009c 9005      	LPM  R0,Z+
00009d 9015      	LPM  R1,Z+
00009e 01bf      	MOVW R22,R30
00009f 01f0      	MOVW R30,R0
                 __GLOBAL_INI_LOOP:
0000a0 9005      	LPM  R0,Z+
0000a1 920d      	ST   X+,R0
0000a2 9701      	SBIW R24,1
0000a3 f7e1      	BRNE __GLOBAL_INI_LOOP
0000a4 01fb      	MOVW R30,R22
0000a5 cff0      	RJMP __GLOBAL_INI_NEXT
                 __GLOBAL_INI_END:
                 
                 ;HARDWARE STACK POINTER INITIALIZATION
0000a6 e5ef      	LDI  R30,LOW(__SRAM_END-__HEAP_SIZE)
0000a7 bfed      	OUT  SPL,R30
0000a8 e0e4      	LDI  R30,HIGH(__SRAM_END-__HEAP_SIZE)
0000a9 bfee      	OUT  SPH,R30
                 
                 ;DATA STACK POINTER INITIALIZATION
0000aa e6c0      	LDI  R28,LOW(__SRAM_START+__DSTACK_SIZE)
0000ab e0d1      	LDI  R29,HIGH(__SRAM_START+__DSTACK_SIZE)
                 
0000ac 940c 0217 	JMP  _main
                 
                 	.ESEG
                 	.ORG 0
                 
                 	.DSEG
                 	.ORG 0x160
                 
                 	.CSEG
                 ;/*****************************************************
                 ;This program was produced by the
                 ;CodeWizardAVR V2.05.0 Professional
                 ;Automatic Program Generator
                 ;© Copyright 1998-2010 Pavel Haiduc, HP InfoTech s.r.l.
                 ;http://www.hpinfotech.com
                 ;
                 ;Project :
                 ;Version :
                 ;Date    : 12/21/2023
                 ;Author  : NeVaDa
                 ;Company :
                 ;Comments:
                 ;
                 ;
                 ;Chip type               : ATmega16
                 ;Program type            : Application
                 ;AVR Core Clock frequency: 8.000000 MHz
                 ;Memory model            : Small
                 ;External RAM size       : 0
                 ;Data Stack size         : 256
                 ;*****************************************************/
                 ;
                 ;#include <mega16.h>
                 	#ifndef __SLEEP_DEFINED__
                 	#define __SLEEP_DEFINED__
                 	.EQU __se_bit=0x40
                 	.EQU __sm_mask=0xB0
                 	.EQU __sm_powerdown=0x20
                 	.EQU __sm_powersave=0x30
                 	.EQU __sm_standby=0xA0
                 	.EQU __sm_ext_standby=0xB0
                 	.EQU __sm_adc_noise_red=0x10
                 	.SET power_ctrl_reg=mcucr
                 	#endif
                 ;#include <string.h>
                 ;#include <delay.h>
                 ;
                 ;// External Interrupt 0 service routine
                 ;unsigned int cnt_int = 0; // bien diem ngat interrupt
                 ;unsigned int value_reg1 = 225;  // bien luu gia tri chua thanh ghi timer TCNT1H
                 ;unsigned int value_reg2 = 123;  // bien luu gia tri chua thanh ghi timer TCNT1L
                 ;
                 ;// Standard Input/Output functions
                 ;#include <stdio.h>
                 ;
                 ;// Timer1 overflow interrupt service routine
                 ;interrupt [TIM1_OVF] void timer1_ovf_isr(void)
                 ; 0000 0026 {
                 
                 	.CSEG
                 _timer1_ovf_isr:
                 ; 0000 0027 // Place your code here
                 ; 0000 0028     PORTC.0 = !PORTC.0; // dao trang thai cua led khi xay ra ngat timer
0000ae 9ba8      	SBIS 0x15,0
0000af c002      	RJMP _0x3
0000b0 98a8      	CBI  0x15,0
0000b1 c001      	RJMP _0x4
                 _0x3:
0000b2 9aa8      	SBI  0x15,0
                 _0x4:
                 ; 0000 0029     TCNT1H=value_reg1;  // thanh ghi 8 bit High luu gia tri cau hinh thoi gian timer
0000b3 bc6d      	OUT  0x2D,R6
                 ; 0000 002A     TCNT1L=value_reg1;  // thanh ghi 8 bit Low luu gia tri cau hinh thoi gian timer
0000b4 bc6c      	OUT  0x2C,R6
                 ; 0000 002B }
0000b5 9518      	RETI
                 ;
                 ;#define ADC_VREF_TYPE 0x00
                 ;unsigned long ADC_OUT = 0; // bien luu gia tri analog khi doc nhiet do
                 ;unsigned long voltage; // bien dung de tinh gia tri cua volte
                 ;unsigned long temperature; // bien luu gia tri nhiet do
                 ;unsigned char tram, chuc, donvi; // khai bao bien tram, chuc, donvi de hien thi so lieu
                 ;
                 ;// Read the AD conversion result
                 ;unsigned int read_adc(unsigned char adc_input)
                 ; 0000 0035 {
                 _read_adc:
                 ; 0000 0036 // Chon dau vào dien ap tham chieu ADC thông qua thanh ghi ADMUX
                 ; 0000 0037 ADMUX=adc_input | (ADC_VREF_TYPE & 0xff);
                 ;	adc_input -> Y+0
0000b6 81e8      	LD   R30,Y
0000b7 b9e7      	OUT  0x7,R30
                 ; 0000 0038 // Delay needed for the stabilization of the ADC input voltage
                 ; 0000 0039 delay_us(10);
                +
0000b8 e18b     +LDI R24 , LOW ( 27 )
                +__DELAY_USB_LOOP :
0000b9 958a     +DEC R24
0000ba f7f1     +BRNE __DELAY_USB_LOOP
                 	__DELAY_USB 27
                 ; 0000 003A // Start the AD conversion
                 ; 0000 003B ADCSRA|=0x40; // 0x40 la set bit ADSC len 1 de bat dau qua trinh chuyen doi ADC
0000bb 9a36      	SBI  0x6,6
                 ; 0000 003C // Wait for the AD conversion to complete
                 ; 0000 003D while ((ADCSRA & 0x10)==0); // doi cho qua trinh chuyen doi hoan tat de bat dau chuyen doi gia tri tiep theo
                 _0x5:
0000bc 9b34      	SBIS 0x6,4
0000bd cffe      	RJMP _0x5
                 ; 0000 003E ADCSRA|=0x10; // dat co bit ADIF xac nhan qua trinh chuyen doi thanh cong
0000be 9a34      	SBI  0x6,4
                 ; 0000 003F return ADCW;  // tra ve gia tri ADC
0000bf b1e4      	IN   R30,0x4
0000c0 b1f5      	IN   R31,0x4+1
0000c1 c004      	RJMP _0x2060001
                 ; 0000 0040 }
                 ;
                 ;// ham truyen uart 1 ky tu
                 ;void uart_char_send(unsigned char chr) {
                 ; 0000 0043 void uart_char_send(unsigned char chr) {
                 _uart_char_send:
                 ; 0000 0044     while (!(UCSRA & (1<<UDRE))) {};  // ham cho den khi UDR tro thanh trong
                 ;	chr -> Y+0
                 _0x8:
0000c2 9b5d      	SBIS 0xB,5
0000c3 cffe      	RJMP _0x8
                 ; 0000 0045     UDR=chr; // ghi ky tu vao UDR
0000c4 81e8      	LD   R30,Y
0000c5 b9ec      	OUT  0xC,R30
                 ; 0000 0046 }
                 _0x2060001:
0000c6 9621      	ADIW R28,1
0000c7 9508      	RET
                 ;
                 ;// ham truyen uart 1 chuoi ky tu
                 ;void uart_string_send(unsigned char *txt) {
                 ; 0000 0049 void uart_string_send(unsigned char *txt) {
                 _uart_string_send:
                 ; 0000 004A     unsigned int n, i;
                 ; 0000 004B     n = strlen(txt); // lay do dai cua chuoi ky tu
0000c8 940e 036b 	CALL __SAVELOCR4
                 ;	*txt -> Y+4
                 ;	n -> R16,R17
                 ;	i -> R18,R19
0000ca 81ec      	LDD  R30,Y+4
0000cb 81fd      	LDD  R31,Y+4+1
0000cc 93fa      	ST   -Y,R31
0000cd 93ea      	ST   -Y,R30
0000ce 940e 02bb 	CALL _strlen
0000d0 018f      	MOVW R16,R30
                 ; 0000 004C     for (i = 0; i < n; i++) {
                +
0000d1 e020     +LDI R18 , LOW ( 0 )
0000d2 e030     +LDI R19 , HIGH ( 0 )
                 	__GETWRN 18,19,0
                 _0xC:
                +
0000d3 1720     +CP R18 , R16
0000d4 0731     +CPC R19 , R17
                 	__CPWRR 18,19,16,17
0000d5 f458      	BRSH _0xD
                 ; 0000 004D         uart_char_send(txt[i]);
0000d6 01f9      	MOVW R30,R18
0000d7 81ac      	LDD  R26,Y+4
0000d8 81bd      	LDD  R27,Y+4+1
0000d9 0fae      	ADD  R26,R30
0000da 1fbf      	ADC  R27,R31
0000db 91ec      	LD   R30,X
0000dc 93ea      	ST   -Y,R30
0000dd dfe4      	RCALL _uart_char_send
                 ; 0000 004E     }
                +
0000de 5f2f     +SUBI R18 , LOW ( - 1 )
0000df 4f3f     +SBCI R19 , HIGH ( - 1 )
                 	__ADDWRN 18,19,1
0000e0 cff2      	RJMP _0xC
                 _0xD:
                 ; 0000 004F }
0000e1 940e 0370 	CALL __LOADLOCR4
0000e3 9626      	ADIW R28,6
0000e4 9508      	RET
                 ;
                 ;char buffer[5]; // mot mang 5 ky tu buffer dung de luu 4 ky tu truyen tu app
                 ;int i = 0;  // bien dem de xet du 4 ky tu
                 ;// ham ngat nhan uart khi nhan duoc ky tu truyen tu app hoac phan cung
                 ;interrupt [USART_RXC] void usart_rx_isr(void)
                 ; 0000 0055 {
                 _usart_rx_isr:
0000e5 940e 02c5 	CALL SUBOPT_0x0
                 ; 0000 0056    char data;   // bien luu tru 1 ky tu
                 ; 0000 0057    data = UDR;  // ghi ky tu tu UDR sang bien data
0000e7 931a      	ST   -Y,R17
                 ;	data -> R17
0000e8 b11c      	IN   R17,12
                 ; 0000 0058 
                 ; 0000 0059    // phan dieu chinh gia tri cho thanh ghi timer
                 ; 0000 005A    // neu nhu bien data nam trong ma ascii truyen tu app ve thi luu vao buffer
                 ; 0000 005B    if (data >= '0' && data <= '9' || data >= 'A' && data <= 'F') {
0000e9 3310      	CPI  R17,48
0000ea f010      	BRLO _0xF
0000eb 331a      	CPI  R17,58
0000ec f028      	BRLO _0x11
                 _0xF:
0000ed 3411      	CPI  R17,65
0000ee f010      	BRLO _0x12
0000ef 3417      	CPI  R17,71
0000f0 f008      	BRLO _0x11
                 _0x12:
0000f1 c00e      	RJMP _0xE
                 _0x11:
                 ; 0000 005C         buffer[i] = data;
0000f2 91e0 01b7 	LDS  R30,_i
0000f4 91f0 01b8 	LDS  R31,_i+1
0000f6 54ee      	SUBI R30,LOW(-_buffer)
0000f7 4ffe      	SBCI R31,HIGH(-_buffer)
0000f8 8310      	ST   Z,R17
                 ; 0000 005D         i++;
0000f9 eba7      	LDI  R26,LOW(_i)
0000fa e0b1      	LDI  R27,HIGH(_i)
0000fb 91ed      	LD   R30,X+
0000fc 91fd      	LD   R31,X+
0000fd 9631      	ADIW R30,1
0000fe 93fe      	ST   -X,R31
0000ff 93ee      	ST   -X,R30
                 ; 0000 005E    }
                 ; 0000 005F 
                 ; 0000 0060    // sau khi du 4 ki tu trong buffer thi xet buffer
                 ; 0000 0061    if (i == 4) {
                 _0xE:
000100 91a0 01b7 	LDS  R26,_i
000102 91b0 01b8 	LDS  R27,_i+1
000104 9714      	SBIW R26,4
000105 f011      	BREQ PC+3
000106 940c 0193 	JMP _0x15
                 ; 0000 0062         //uart_string_send(buffer);
                 ; 0000 0063         //uart_char_send(13);
                 ; 0000 0064 
                 ; 0000 0065         if (strcmp(buffer, "F0BD") == 0) { // neu nhu 4 ky tu trung voi F0BD tuc la timer 0.5s
000108 940e 02d3 	CALL SUBOPT_0x1
                +
00010a e6e0     +LDI R30 , LOW ( _0x17 + ( 0 ) )
00010b e0f1     +LDI R31 , HIGH ( _0x17 + ( 0 ) )
                 	__POINTW1MN _0x17,0
00010c 940e 02d8 	CALL SUBOPT_0x2
00010e f439      	BRNE _0x16
                 ; 0000 0066             value_reg1 = 240; // bien luu gia tri he 10 cho thanh ghi timer TCNT1H : F0 = 240
00010f efe0      	LDI  R30,LOW(240)
000110 e0f0      	LDI  R31,HIGH(240)
000111 013f      	MOVW R6,R30
                 ; 0000 0067             value_reg2 = 189; // bien luu gia tri he 10 cho thanh ghi timer TCNT1L : F0 = 189
000112 ebed      	LDI  R30,LOW(189)
000113 e0f0      	LDI  R31,HIGH(189)
000114 014f      	MOVW R8,R30
                 ; 0000 0068         } else if (strcmp(buffer, "E17B") == 0) { // neu nhu 4 ky tu trung voi F0BD tuc la timer 1s
000115 c07d      	RJMP _0x18
                 _0x16:
000116 940e 02d3 	CALL SUBOPT_0x1
                +
000118 e6e5     +LDI R30 , LOW ( _0x17 + ( 5 ) )
000119 e0f1     +LDI R31 , HIGH ( _0x17 + ( 5 ) )
                 	__POINTW1MN _0x17,5
00011a 940e 02d8 	CALL SUBOPT_0x2
00011c f439      	BRNE _0x19
                 ; 0000 0069             value_reg1 = 225; // bien luu gia tri he 10 cho thanh ghi timer TCNT1H : F0 = 225
00011d eee1      	LDI  R30,LOW(225)
00011e e0f0      	LDI  R31,HIGH(225)
00011f 013f      	MOVW R6,R30
                 ; 0000 006A             value_reg2 = 123; // bien luu gia tri he 10 cho thanh ghi timer TCNT1L : F0 = 123
000120 e7eb      	LDI  R30,LOW(123)
000121 e0f0      	LDI  R31,HIGH(123)
000122 014f      	MOVW R8,R30
                 ; 0000 006B         } else if (strcmp(buffer, "D239") == 0) { // neu nhu 4 ky tu trung voi F0BD tuc la timer 1.5s
000123 c06f      	RJMP _0x1A
                 _0x19:
000124 940e 02d3 	CALL SUBOPT_0x1
                +
000126 e6ea     +LDI R30 , LOW ( _0x17 + ( 10 ) )
000127 e0f1     +LDI R31 , HIGH ( _0x17 + ( 10 ) )
                 	__POINTW1MN _0x17,10
000128 940e 02d8 	CALL SUBOPT_0x2
00012a f439      	BRNE _0x1B
                 ; 0000 006C             value_reg1 = 210;
00012b ede2      	LDI  R30,LOW(210)
00012c e0f0      	LDI  R31,HIGH(210)
00012d 013f      	MOVW R6,R30
                 ; 0000 006D             value_reg2 = 57;
00012e e3e9      	LDI  R30,LOW(57)
00012f e0f0      	LDI  R31,HIGH(57)
000130 014f      	MOVW R8,R30
                 ; 0000 006E         } else if (strcmp(buffer, "C2F6") == 0) { // neu nhu 4 ky tu trung voi F0BD tuc la timer 2s
000131 c061      	RJMP _0x1C
                 _0x1B:
000132 940e 02d3 	CALL SUBOPT_0x1
                +
000134 e6ef     +LDI R30 , LOW ( _0x17 + ( 15 ) )
000135 e0f1     +LDI R31 , HIGH ( _0x17 + ( 15 ) )
                 	__POINTW1MN _0x17,15
000136 940e 02d8 	CALL SUBOPT_0x2
000138 f439      	BRNE _0x1D
                 ; 0000 006F             value_reg1 = 194;
000139 ece2      	LDI  R30,LOW(194)
00013a e0f0      	LDI  R31,HIGH(194)
00013b 013f      	MOVW R6,R30
                 ; 0000 0070             value_reg2 = 246;
00013c efe6      	LDI  R30,LOW(246)
00013d e0f0      	LDI  R31,HIGH(246)
00013e 014f      	MOVW R8,R30
                 ; 0000 0071         } else if (strcmp(buffer, "B3B4") == 0) { // neu nhu 4 ky tu trung voi F0BD tuc la timer 2.5s
00013f c053      	RJMP _0x1E
                 _0x1D:
000140 940e 02d3 	CALL SUBOPT_0x1
                +
000142 e7e4     +LDI R30 , LOW ( _0x17 + ( 20 ) )
000143 e0f1     +LDI R31 , HIGH ( _0x17 + ( 20 ) )
                 	__POINTW1MN _0x17,20
000144 940e 02d8 	CALL SUBOPT_0x2
000146 f439      	BRNE _0x1F
                 ; 0000 0072             value_reg1 = 179;
000147 ebe3      	LDI  R30,LOW(179)
000148 e0f0      	LDI  R31,HIGH(179)
000149 013f      	MOVW R6,R30
                 ; 0000 0073             value_reg2 = 180;
00014a ebe4      	LDI  R30,LOW(180)
00014b e0f0      	LDI  R31,HIGH(180)
00014c 014f      	MOVW R8,R30
                 ; 0000 0074         } else if (strcmp(buffer, "A472") == 0) { // neu nhu 4 ky tu trung voi F0BD tuc la timer 3s
00014d c045      	RJMP _0x20
                 _0x1F:
00014e 940e 02d3 	CALL SUBOPT_0x1
                +
000150 e7e9     +LDI R30 , LOW ( _0x17 + ( 25 ) )
000151 e0f1     +LDI R31 , HIGH ( _0x17 + ( 25 ) )
                 	__POINTW1MN _0x17,25
000152 940e 02d8 	CALL SUBOPT_0x2
000154 f439      	BRNE _0x21
                 ; 0000 0075             value_reg1 = 164;
000155 eae4      	LDI  R30,LOW(164)
000156 e0f0      	LDI  R31,HIGH(164)
000157 013f      	MOVW R6,R30
                 ; 0000 0076             value_reg2 = 114;
000158 e7e2      	LDI  R30,LOW(114)
000159 e0f0      	LDI  R31,HIGH(114)
00015a 014f      	MOVW R8,R30
                 ; 0000 0077         } else if (strcmp(buffer, "9530") == 0) { // neu nhu 4 ky tu trung voi F0BD tuc la timer 3.5s
00015b c037      	RJMP _0x22
                 _0x21:
00015c 940e 02d3 	CALL SUBOPT_0x1
                +
00015e e7ee     +LDI R30 , LOW ( _0x17 + ( 30 ) )
00015f e0f1     +LDI R31 , HIGH ( _0x17 + ( 30 ) )
                 	__POINTW1MN _0x17,30
000160 940e 02d8 	CALL SUBOPT_0x2
000162 f439      	BRNE _0x23
                 ; 0000 0078             value_reg1 = 149;
000163 e9e5      	LDI  R30,LOW(149)
000164 e0f0      	LDI  R31,HIGH(149)
000165 013f      	MOVW R6,R30
                 ; 0000 0079             value_reg2 = 48;
000166 e3e0      	LDI  R30,LOW(48)
000167 e0f0      	LDI  R31,HIGH(48)
000168 014f      	MOVW R8,R30
                 ; 0000 007A         } else if (strcmp(buffer, "85ED") == 0) { // neu nhu 4 ky tu trung voi F0BD tuc la timer 4s
000169 c029      	RJMP _0x24
                 _0x23:
00016a 940e 02d3 	CALL SUBOPT_0x1
                +
00016c e8e3     +LDI R30 , LOW ( _0x17 + ( 35 ) )
00016d e0f1     +LDI R31 , HIGH ( _0x17 + ( 35 ) )
                 	__POINTW1MN _0x17,35
00016e 940e 02d8 	CALL SUBOPT_0x2
000170 f439      	BRNE _0x25
                 ; 0000 007B             value_reg1 = 133;
000171 e8e5      	LDI  R30,LOW(133)
000172 e0f0      	LDI  R31,HIGH(133)
000173 013f      	MOVW R6,R30
                 ; 0000 007C             value_reg2 = 237;
000174 eeed      	LDI  R30,LOW(237)
000175 e0f0      	LDI  R31,HIGH(237)
000176 014f      	MOVW R8,R30
                 ; 0000 007D         } else if (strcmp(buffer, "76AB") == 0) { // neu nhu 4 ky tu trung voi F0BD tuc la timer 4.5s
000177 c01b      	RJMP _0x26
                 _0x25:
000178 940e 02d3 	CALL SUBOPT_0x1
                +
00017a e8e8     +LDI R30 , LOW ( _0x17 + ( 40 ) )
00017b e0f1     +LDI R31 , HIGH ( _0x17 + ( 40 ) )
                 	__POINTW1MN _0x17,40
00017c 940e 02d8 	CALL SUBOPT_0x2
00017e f439      	BRNE _0x27
                 ; 0000 007E             value_reg1 = 118;
00017f e7e6      	LDI  R30,LOW(118)
000180 e0f0      	LDI  R31,HIGH(118)
000181 013f      	MOVW R6,R30
                 ; 0000 007F             value_reg2 = 171;
000182 eaeb      	LDI  R30,LOW(171)
000183 e0f0      	LDI  R31,HIGH(171)
000184 014f      	MOVW R8,R30
                 ; 0000 0080         } else if (strcmp(buffer, "6769") == 0) { // neu nhu 4 ky tu trung voi F0BD tuc la timer 5s
000185 c00d      	RJMP _0x28
                 _0x27:
000186 940e 02d3 	CALL SUBOPT_0x1
                +
000188 e8ed     +LDI R30 , LOW ( _0x17 + ( 45 ) )
000189 e0f1     +LDI R31 , HIGH ( _0x17 + ( 45 ) )
                 	__POINTW1MN _0x17,45
00018a 940e 02d8 	CALL SUBOPT_0x2
00018c f431      	BRNE _0x29
                 ; 0000 0081             value_reg1 = 103;
00018d e6e7      	LDI  R30,LOW(103)
00018e e0f0      	LDI  R31,HIGH(103)
00018f 013f      	MOVW R6,R30
                 ; 0000 0082             value_reg2 = 105;
000190 e6e9      	LDI  R30,LOW(105)
000191 e0f0      	LDI  R31,HIGH(105)
000192 014f      	MOVW R8,R30
                 ; 0000 0083         } else {
                 _0x29:
                 ; 0000 0084 
                 ; 0000 0085         }
                 _0x28:
                 _0x26:
                 _0x24:
                 _0x22:
                 _0x20:
                 _0x1E:
                 _0x1C:
                 _0x1A:
                 _0x18:
                 ; 0000 0086    }
                 ; 0000 0087    // neu nhu xet du 4 ky ty thi reset mang i = 0
                 ; 0000 0088    if (i == 4)
                 _0x15:
000193 91a0 01b7 	LDS  R26,_i
000195 91b0 01b8 	LDS  R27,_i+1
000197 9714      	SBIW R26,4
000198 f429      	BRNE _0x2B
                 ; 0000 0089    {
                 ; 0000 008A         i = 0;
000199 e0e0      	LDI  R30,LOW(0)
00019a 93e0 01b7 	STS  _i,R30
00019c 93e0 01b8 	STS  _i+1,R30
                 ; 0000 008B    }
                 ; 0000 008C 
                 ; 0000 008D 
                 ; 0000 008E    // phan bat/tat 8 den led bang ky tu gui ve tu app
                 ; 0000 008F    switch (data) {
                 _0x2B:
00019e 2fe1      	MOV  R30,R17
00019f e0f0      	LDI  R31,0
                 ; 0000 0090         case 'a': // neu nhu bien data = a thi den PORTB.0 doi trang thai
0001a0 36e1      	CPI  R30,LOW(0x61)
0001a1 e0a0      	LDI  R26,HIGH(0x61)
0001a2 07fa      	CPC  R31,R26
0001a3 f431      	BRNE _0x2F
                 ; 0000 0091             PORTB.0 = !PORTB.0;
0001a4 9bc0      	SBIS 0x18,0
0001a5 c002      	RJMP _0x30
0001a6 98c0      	CBI  0x18,0
0001a7 c001      	RJMP _0x31
                 _0x30:
0001a8 9ac0      	SBI  0x18,0
                 _0x31:
                 ; 0000 0092             //uart_char_send(data);
                 ; 0000 0093             //uart_char_send(13);
                 ; 0000 0094             break;
0001a9 c045      	RJMP _0x2E
                 ; 0000 0095 
                 ; 0000 0096         case 'b':
                 _0x2F:
0001aa 36e2      	CPI  R30,LOW(0x62)
0001ab e0a0      	LDI  R26,HIGH(0x62)
0001ac 07fa      	CPC  R31,R26
0001ad f431      	BRNE _0x32
                 ; 0000 0097             PORTB.1 = !PORTB.1;
0001ae 9bc1      	SBIS 0x18,1
0001af c002      	RJMP _0x33
0001b0 98c1      	CBI  0x18,1
0001b1 c001      	RJMP _0x34
                 _0x33:
0001b2 9ac1      	SBI  0x18,1
                 _0x34:
                 ; 0000 0098             //uart_char_send(data);
                 ; 0000 0099             //uart_char_send(13);
                 ; 0000 009A             break;
0001b3 c03b      	RJMP _0x2E
                 ; 0000 009B 
                 ; 0000 009C         case 'c':
                 _0x32:
0001b4 36e3      	CPI  R30,LOW(0x63)
0001b5 e0a0      	LDI  R26,HIGH(0x63)
0001b6 07fa      	CPC  R31,R26
0001b7 f431      	BRNE _0x35
                 ; 0000 009D             PORTB.2 = !PORTB.2;
0001b8 9bc2      	SBIS 0x18,2
0001b9 c002      	RJMP _0x36
0001ba 98c2      	CBI  0x18,2
0001bb c001      	RJMP _0x37
                 _0x36:
0001bc 9ac2      	SBI  0x18,2
                 _0x37:
                 ; 0000 009E             //uart_char_send(data);
                 ; 0000 009F             //uart_char_send(13);
                 ; 0000 00A0             break;
0001bd c031      	RJMP _0x2E
                 ; 0000 00A1 
                 ; 0000 00A2         case 'd':
                 _0x35:
0001be 36e4      	CPI  R30,LOW(0x64)
0001bf e0a0      	LDI  R26,HIGH(0x64)
0001c0 07fa      	CPC  R31,R26
0001c1 f431      	BRNE _0x38
                 ; 0000 00A3             PORTB.3 = !PORTB.3;
0001c2 9bc3      	SBIS 0x18,3
0001c3 c002      	RJMP _0x39
0001c4 98c3      	CBI  0x18,3
0001c5 c001      	RJMP _0x3A
                 _0x39:
0001c6 9ac3      	SBI  0x18,3
                 _0x3A:
                 ; 0000 00A4             //uart_char_send(data);
                 ; 0000 00A5             //uart_char_send(13);
                 ; 0000 00A6             break;
0001c7 c027      	RJMP _0x2E
                 ; 0000 00A7 
                 ; 0000 00A8         case 'e':
                 _0x38:
0001c8 36e5      	CPI  R30,LOW(0x65)
0001c9 e0a0      	LDI  R26,HIGH(0x65)
0001ca 07fa      	CPC  R31,R26
0001cb f431      	BRNE _0x3B
                 ; 0000 00A9             PORTB.4 = !PORTB.4;
0001cc 9bc4      	SBIS 0x18,4
0001cd c002      	RJMP _0x3C
0001ce 98c4      	CBI  0x18,4
0001cf c001      	RJMP _0x3D
                 _0x3C:
0001d0 9ac4      	SBI  0x18,4
                 _0x3D:
                 ; 0000 00AA             //uart_char_send(data);
                 ; 0000 00AB             //uart_char_send(13);
                 ; 0000 00AC             break;
0001d1 c01d      	RJMP _0x2E
                 ; 0000 00AD 
                 ; 0000 00AE         case 'f':
                 _0x3B:
0001d2 36e6      	CPI  R30,LOW(0x66)
0001d3 e0a0      	LDI  R26,HIGH(0x66)
0001d4 07fa      	CPC  R31,R26
0001d5 f431      	BRNE _0x3E
                 ; 0000 00AF             PORTB.5 = !PORTB.5;
0001d6 9bc5      	SBIS 0x18,5
0001d7 c002      	RJMP _0x3F
0001d8 98c5      	CBI  0x18,5
0001d9 c001      	RJMP _0x40
                 _0x3F:
0001da 9ac5      	SBI  0x18,5
                 _0x40:
                 ; 0000 00B0             //uart_char_send(data);
                 ; 0000 00B1             //uart_char_send(13);
                 ; 0000 00B2             break;
0001db c013      	RJMP _0x2E
                 ; 0000 00B3 
                 ; 0000 00B4         case 'g':
                 _0x3E:
0001dc 36e7      	CPI  R30,LOW(0x67)
0001dd e0a0      	LDI  R26,HIGH(0x67)
0001de 07fa      	CPC  R31,R26
0001df f431      	BRNE _0x41
                 ; 0000 00B5             PORTB.6 = !PORTB.6;
0001e0 9bc6      	SBIS 0x18,6
0001e1 c002      	RJMP _0x42
0001e2 98c6      	CBI  0x18,6
0001e3 c001      	RJMP _0x43
                 _0x42:
0001e4 9ac6      	SBI  0x18,6
                 _0x43:
                 ; 0000 00B6             //uart_char_send(data);
                 ; 0000 00B7             //uart_char_send(13);
                 ; 0000 00B8             break;
0001e5 c009      	RJMP _0x2E
                 ; 0000 00B9 
                 ; 0000 00BA         case 'h':
                 _0x41:
0001e6 36e8      	CPI  R30,LOW(0x68)
0001e7 e0a0      	LDI  R26,HIGH(0x68)
0001e8 07fa      	CPC  R31,R26
0001e9 f429      	BRNE _0x2E
                 ; 0000 00BB             PORTB.7 = !PORTB.7;
0001ea 9bc7      	SBIS 0x18,7
0001eb c002      	RJMP _0x45
0001ec 98c7      	CBI  0x18,7
0001ed c001      	RJMP _0x46
                 _0x45:
0001ee 9ac7      	SBI  0x18,7
                 _0x46:
                 ; 0000 00BC             //uart_char_send(data);
                 ; 0000 00BD             //uart_char_send(13);
                 ; 0000 00BE             break;
                 ; 0000 00BF    }
                 _0x2E:
                 ; 0000 00C0 }
0001ef 9119      	LD   R17,Y+
0001f0 c018      	RJMP _0x4C
                 
                 	.DSEG
                 _0x17:
000160           	.BYTE 0x32
                 ;
                 ;// ham ngat ngoai khi an nut nhan
                 ;interrupt [EXT_INT0] void ext_int0_isr(void)
                 ; 0000 00C4 {
                 
                 	.CSEG
                 _ext_int0_isr:
0001f1 940e 02c5 	CALL SUBOPT_0x0
                 ; 0000 00C5 // Place your code here
                 ; 0000 00C6     cnt_int++; //bien dem so lan ngat ngoai
0001f3 01f2      	MOVW R30,R4
0001f4 9631      	ADIW R30,1
0001f5 012f      	MOVW R4,R30
                 ; 0000 00C7     chuc = cnt_int / 10;  // bien chuc luu tru hang chuc bien dem
0001f6 01d2      	MOVW R26,R4
0001f7 e0ea      	LDI  R30,LOW(10)
0001f8 e0f0      	LDI  R31,HIGH(10)
0001f9 940e 032c 	CALL __DIVW21U
0001fb 2eae      	MOV  R10,R30
                 ; 0000 00C8     donvi = cnt_int % 10; // bien donvi luu tru hang don vi bien dem
0001fc 01d2      	MOVW R26,R4
0001fd e0ea      	LDI  R30,LOW(10)
0001fe e0f0      	LDI  R31,HIGH(10)
0001ff 940e 0364 	CALL __MODW21U
000201 2ede      	MOV  R13,R30
                 ; 0000 00C9     // ham gui so lan ngat len app thong qua uart
                 ; 0000 00CA     uart_string_send("Interrupt Counter: ");
                +
000202 e9e2     +LDI R30 , LOW ( _0x47 + ( 0 ) )
000203 e0f1     +LDI R31 , HIGH ( _0x47 + ( 0 ) )
                 	__POINTW1MN _0x47,0
000204 93fa      	ST   -Y,R31
000205 93ea      	ST   -Y,R30
000206 dec1      	RCALL _uart_string_send
                 ; 0000 00CB     uart_char_send(chuc+0x30);
000207 940e 02de 	CALL SUBOPT_0x3
                 ; 0000 00CC     uart_char_send(donvi+0x30);
                 ; 0000 00CD     uart_char_send(10);
                 ; 0000 00CE     uart_char_send(13);
                 ; 0000 00CF }
                 _0x4C:
000209 91e9      	LD   R30,Y+
00020a bfef      	OUT  SREG,R30
00020b 91f9      	LD   R31,Y+
00020c 91e9      	LD   R30,Y+
00020d 91b9      	LD   R27,Y+
00020e 91a9      	LD   R26,Y+
00020f 9199      	LD   R25,Y+
000210 9189      	LD   R24,Y+
000211 9179      	LD   R23,Y+
000212 9169      	LD   R22,Y+
000213 90f9      	LD   R15,Y+
000214 9019      	LD   R1,Y+
000215 9009      	LD   R0,Y+
000216 9518      	RETI
                 
                 	.DSEG
                 _0x47:
000192           	.BYTE 0x14
                 ;
                 ;// Declare your global variables here
                 ;
                 ;// ham cau hinh thanh ghi
                 ;void main(void)
                 ; 0000 00D5 {
                 
                 	.CSEG
                 _main:
                 ; 0000 00D6 // Declare your local variables here
                 ; 0000 00D7 
                 ; 0000 00D8 // Input/Output Ports initialization
                 ; 0000 00D9 // Port A initialization
                 ; 0000 00DA // Func7=Out Func6=Out Func5=Out Func4=Out Func3=Out Func2=Out Func1=Out Func0=In
                 ; 0000 00DB // State7=0 State6=0 State5=0 State4=0 State3=0 State2=0 State1=0 State0=T
                 ; 0000 00DC PORTA=0x00; // cau hinh nhu dien ap thap/cao
000217 e0e0      	LDI  R30,LOW(0)
000218 bbeb      	OUT  0x1B,R30
                 ; 0000 00DD DDRA=0xFE;  // cau hinh input/ouput
000219 efee      	LDI  R30,LOW(254)
00021a bbea      	OUT  0x1A,R30
                 ; 0000 00DE 
                 ; 0000 00DF // Port B initialization
                 ; 0000 00E0 // Func7=Out Func6=Out Func5=Out Func4=Out Func3=Out Func2=Out Func1=Out Func0=Out
                 ; 0000 00E1 // State7=0 State6=0 State5=0 State4=0 State3=0 State2=0 State1=0 State0=0
                 ; 0000 00E2 PORTB=0x00;
00021b e0e0      	LDI  R30,LOW(0)
00021c bbe8      	OUT  0x18,R30
                 ; 0000 00E3 DDRB=0xFF;
00021d efef      	LDI  R30,LOW(255)
00021e bbe7      	OUT  0x17,R30
                 ; 0000 00E4 
                 ; 0000 00E5 // Port C initialization
                 ; 0000 00E6 // Func7=Out Func6=Out Func5=Out Func4=Out Func3=Out Func2=Out Func1=Out Func0=Out
                 ; 0000 00E7 // State7=0 State6=0 State5=0 State4=0 State3=0 State2=0 State1=0 State0=0
                 ; 0000 00E8 PORTC=0x00;
00021f e0e0      	LDI  R30,LOW(0)
000220 bbe5      	OUT  0x15,R30
                 ; 0000 00E9 DDRC=0xFF;
000221 efef      	LDI  R30,LOW(255)
000222 bbe4      	OUT  0x14,R30
                 ; 0000 00EA 
                 ; 0000 00EB // Port D initialization
                 ; 0000 00EC // Func7=In Func6=In Func5=In Func4=In Func3=In Func2=In Func1=Out Func0=In
                 ; 0000 00ED // State7=T State6=T State5=T State4=T State3=T State2=P State1=0 State0=T
                 ; 0000 00EE PORTD=0x04;
000223 e0e4      	LDI  R30,LOW(4)
000224 bbe2      	OUT  0x12,R30
                 ; 0000 00EF DDRD=0x02;
000225 e0e2      	LDI  R30,LOW(2)
000226 bbe1      	OUT  0x11,R30
                 ; 0000 00F0 
                 ; 0000 00F1 // Timer/Counter 0 initialization
                 ; 0000 00F2 // Clock source: System Clock
                 ; 0000 00F3 // Clock value: Timer 0 Stopped
                 ; 0000 00F4 // Mode: Normal top=0xFF
                 ; 0000 00F5 // OC0 output: Disconnected
                 ; 0000 00F6 TCCR0=0x00;
000227 e0e0      	LDI  R30,LOW(0)
000228 bfe3      	OUT  0x33,R30
                 ; 0000 00F7 TCNT0=0x00;
000229 bfe2      	OUT  0x32,R30
                 ; 0000 00F8 OCR0=0x00;
00022a bfec      	OUT  0x3C,R30
                 ; 0000 00F9 
                 ; 0000 00FA // Timer/Counter 1 initialization
                 ; 0000 00FB // Clock source: System Clock
                 ; 0000 00FC // Clock value: Timer1 Stopped
                 ; 0000 00FD // Mode: Normal top=0xFFFF
                 ; 0000 00FE // OC1A output: Discon.
                 ; 0000 00FF // OC1B output: Discon.
                 ; 0000 0100 // Noise Canceler: On
                 ; 0000 0101 // Input Capture on Falling Edge
                 ; 0000 0102 // Timer1 Overflow Interrupt: On
                 ; 0000 0103 // Input Capture Interrupt: Off
                 ; 0000 0104 // Compare A Match Interrupt: Off
                 ; 0000 0105 // Compare B Match Interrupt: Off
                 ; 0000 0106 TCCR1A=0x00;
00022b bdef      	OUT  0x2F,R30
                 ; 0000 0107 TCCR1B=0x05; // 8MHz / 1024 = 128 microsencond per tick
00022c e0e5      	LDI  R30,LOW(5)
00022d bdee      	OUT  0x2E,R30
                 ; 0000 0108 
                 ; 0000 0109 //tick 0.5s / 128us = 3906 tick lan tu (65535-3906) den 65535 = 0.5 ms
                 ; 0000 010A TCNT1H=value_reg1;  //0b11000010
00022e bc6d      	OUT  0x2D,R6
                 ; 0000 010B TCNT1L=value_reg2;  //0b11110110
00022f bc8c      	OUT  0x2C,R8
                 ; 0000 010C 
                 ; 0000 010D ICR1H=0x00;
000230 e0e0      	LDI  R30,LOW(0)
000231 bde7      	OUT  0x27,R30
                 ; 0000 010E ICR1L=0x00;
000232 bde6      	OUT  0x26,R30
                 ; 0000 010F 
                 ; 0000 0110 OCR1AH=0x00;
000233 bdeb      	OUT  0x2B,R30
                 ; 0000 0111 OCR1AL=0x00;
000234 bdea      	OUT  0x2A,R30
                 ; 0000 0112 
                 ; 0000 0113 OCR1BH=0x00;
000235 bde9      	OUT  0x29,R30
                 ; 0000 0114 OCR1BL=0x00;
000236 bde8      	OUT  0x28,R30
                 ; 0000 0115 
                 ; 0000 0116 // Timer(s)/Counter(s) Interrupt(s) initialization
                 ; 0000 0117 TIMSK=0x04; // bit quy dinh ngat tran cho thanh ghi timer counter TIMSK
000237 e0e4      	LDI  R30,LOW(4)
000238 bfe9      	OUT  0x39,R30
                 ; 0000 0118 
                 ; 0000 0119 // Timer/Counter 2 initialization
                 ; 0000 011A // Clock source: System Clock
                 ; 0000 011B // Clock value: Timer2 Stopped
                 ; 0000 011C // Mode: Normal top=0xFF
                 ; 0000 011D // OC2 output: Disconnected
                 ; 0000 011E ASSR=0x00;
000239 e0e0      	LDI  R30,LOW(0)
00023a bde2      	OUT  0x22,R30
                 ; 0000 011F TCCR2=0x00;
00023b bde5      	OUT  0x25,R30
                 ; 0000 0120 TCNT2=0x00;
00023c bde4      	OUT  0x24,R30
                 ; 0000 0121 OCR2=0x00;
00023d bde3      	OUT  0x23,R30
                 ; 0000 0122 
                 ; 0000 0123 // External Interrupt(s) initialization
                 ; 0000 0124 // INT0: On
                 ; 0000 0125 // INT0 Mode: Falling Edge
                 ; 0000 0126 // INT1: Off
                 ; 0000 0127 // INT2: Off
                 ; 0000 0128 GICR|=0x40;  // thanh ghi cho phep ngat ngoai
00023e b7eb      	IN   R30,0x3B
00023f 64e0      	ORI  R30,0x40
000240 bfeb      	OUT  0x3B,R30
                 ; 0000 0129 MCUCR=0x02;  // thanh ghi cau hinh ngat suon xuong: falling
000241 e0e2      	LDI  R30,LOW(2)
000242 bfe5      	OUT  0x35,R30
                 ; 0000 012A MCUCSR=0x00;
000243 e0e0      	LDI  R30,LOW(0)
000244 bfe4      	OUT  0x34,R30
                 ; 0000 012B GIFR=0x40;   // cho phep ngat INT0
000245 e4e0      	LDI  R30,LOW(64)
000246 bfea      	OUT  0x3A,R30
                 ; 0000 012C 
                 ; 0000 012D // USART initialization
                 ; 0000 012E // Communication Parameters: 8 Data, 1 Stop, No Parity
                 ; 0000 012F // USART Receiver: On
                 ; 0000 0130 // USART Transmitter: On
                 ; 0000 0131 // USART Mode: Asynchronous
                 ; 0000 0132 // USART Baud Rate: 9600
                 ; 0000 0133 UCSRA=0x00;
000247 e0e0      	LDI  R30,LOW(0)
000248 b9eb      	OUT  0xB,R30
                 ; 0000 0134 UCSRB=0x98;  // cau hinh bat Rx, Tx va ngat Rx
000249 e9e8      	LDI  R30,LOW(152)
00024a b9ea      	OUT  0xA,R30
                 ; 0000 0135 UCSRC=0x86;  // cau hinh truyen du lieu dong bo va khung truyen 8 bit
00024b e8e6      	LDI  R30,LOW(134)
00024c bde0      	OUT  0x20,R30
                 ; 0000 0136 UBRRH=0x00;
00024d e0e0      	LDI  R30,LOW(0)
00024e bde0      	OUT  0x20,R30
                 ; 0000 0137 UBRRL=0x33;
00024f e3e3      	LDI  R30,LOW(51)
000250 b9e9      	OUT  0x9,R30
                 ; 0000 0138 
                 ; 0000 0139 // Analog Comparator initialization
                 ; 0000 013A // Analog Comparator: Off
                 ; 0000 013B // Analog Comparator Input Capture by Timer/Counter 1: Off
                 ; 0000 013C ACSR=0x80;
000251 e8e0      	LDI  R30,LOW(128)
000252 b9e8      	OUT  0x8,R30
                 ; 0000 013D SFIOR=0x00;
000253 e0e0      	LDI  R30,LOW(0)
000254 bfe0      	OUT  0x30,R30
                 ; 0000 013E 
                 ; 0000 013F // ADC initialization
                 ; 0000 0140 // ADC Clock frequency: 1000.000 kHz
                 ; 0000 0141 // ADC Voltage Reference: AREF pin
                 ; 0000 0142 // ADC Auto Trigger Source: ADC Stopped
                 ; 0000 0143 ADMUX=ADC_VREF_TYPE & 0xff;
000255 b9e7      	OUT  0x7,R30
                 ; 0000 0144 ADCSRA=0x83;
000256 e8e3      	LDI  R30,LOW(131)
000257 b9e6      	OUT  0x6,R30
                 ; 0000 0145 
                 ; 0000 0146 // SPI initialization
                 ; 0000 0147 // SPI disabled
                 ; 0000 0148 SPCR=0x00;
000258 e0e0      	LDI  R30,LOW(0)
000259 b9ed      	OUT  0xD,R30
                 ; 0000 0149 
                 ; 0000 014A // TWI initialization
                 ; 0000 014B // TWI disabled
                 ; 0000 014C TWCR=0x00;
00025a bfe6      	OUT  0x36,R30
                 ; 0000 014D 
                 ; 0000 014E // Global enable interrupts
                 ; 0000 014F #asm("sei")
00025b 9478      	sei
                 ; 0000 0150 
                 ; 0000 0151 while (1)
                 _0x48:
                 ; 0000 0152       {
                 ; 0000 0153       // Place your code here
                 ; 0000 0154         ADC_OUT = read_adc(0); // Luu gia tri analog tu cam bien
00025c e0e0      	LDI  R30,LOW(0)
00025d 93ea      	ST   -Y,R30
00025e de57      	RCALL _read_adc
00025f 2766      	CLR  R22
000260 2777      	CLR  R23
000261 93e0 01a6 	STS  _ADC_OUT,R30
000263 93f0 01a7 	STS  _ADC_OUT+1,R31
000265 9360 01a8 	STS  _ADC_OUT+2,R22
000267 9370 01a9 	STS  _ADC_OUT+3,R23
                 ; 0000 0155         voltage = ADC_OUT * 5000 / 1023; // dien ap = gia tri doc tu cam bien * dien ap tham chieu 5000mV / do phan giai 10 bit: 2^10
                +
000269 e8a8     +LDI R26 , LOW ( 0x1388 )
00026a e1b3     +LDI R27 , HIGH ( 0x1388 )
00026b e080     +LDI R24 , BYTE3 ( 0x1388 )
00026c e090     +LDI R25 , BYTE4 ( 0x1388 )
                 	__GETD2N 0x1388
00026d 940e 030c 	CALL __MULD12U
00026f 01df      	MOVW R26,R30
000270 01cb      	MOVW R24,R22
                +
000271 efef     +LDI R30 , LOW ( 0x3FF )
000272 e0f3     +LDI R31 , HIGH ( 0x3FF )
000273 e060     +LDI R22 , BYTE3 ( 0x3FF )
000274 e070     +LDI R23 , BYTE4 ( 0x3FF )
                 	__GETD1N 0x3FF
000275 940e 033f 	CALL __DIVD21U
000277 93e0 01aa 	STS  _voltage,R30
000279 93f0 01ab 	STS  _voltage+1,R31
00027b 9360 01ac 	STS  _voltage+2,R22
00027d 9370 01ad 	STS  _voltage+3,R23
                 ; 0000 0156         temperature = voltage / 10; // do gia tri nhiet do bang dien ap chia cho 10
00027f 91a0 01aa 	LDS  R26,_voltage
000281 91b0 01ab 	LDS  R27,_voltage+1
000283 9180 01ac 	LDS  R24,_voltage+2
000285 9190 01ad 	LDS  R25,_voltage+3
000287 940e 02f0 	CALL SUBOPT_0x4
000289 93e0 01ae 	STS  _temperature,R30
00028b 93f0 01af 	STS  _temperature+1,R31
00028d 9360 01b0 	STS  _temperature+2,R22
00028f 9370 01b1 	STS  _temperature+3,R23
                 ; 0000 0157 
                 ; 0000 0158         chuc = temperature / 10; // lay so hang chuc cua nhiet do
000291 940e 02f7 	CALL SUBOPT_0x5
000293 940e 02f0 	CALL SUBOPT_0x4
000295 2eae      	MOV  R10,R30
                 ; 0000 0159         donvi = temperature % 10; // lay so hang don vi cua nhiet do
000296 940e 02f7 	CALL SUBOPT_0x5
                +
000298 e0ea     +LDI R30 , LOW ( 0xA )
000299 e0f0     +LDI R31 , HIGH ( 0xA )
00029a e060     +LDI R22 , BYTE3 ( 0xA )
00029b e070     +LDI R23 , BYTE4 ( 0xA )
                 	__GETD1N 0xA
00029c 940e 0367 	CALL __MODD21U
00029e 2ede      	MOV  R13,R30
                 ; 0000 015A         uart_char_send(chuc+0x30); // truyen uart ky tu chuc va hien thi len app
00029f 940e 02de 	CALL SUBOPT_0x3
                 ; 0000 015B         uart_char_send(donvi+0x30); // truyen uart ky tu donvi va hien thi len app
                 ; 0000 015C         uart_char_send(10);
                 ; 0000 015D         uart_char_send(13);
                 ; 0000 015E         delay_ms(200);
0002a1 ece8      	LDI  R30,LOW(200)
0002a2 e0f0      	LDI  R31,HIGH(200)
0002a3 93fa      	ST   -Y,R31
0002a4 93ea      	ST   -Y,R30
0002a5 940e 0300 	CALL _delay_ms
                 ; 0000 015F       }
0002a7 cfb4      	RJMP _0x48
                 ; 0000 0160 }
                 _0x4B:
0002a8 cfff      	RJMP _0x4B
                 
                 	.CSEG
                 _strcmp:
0002a9 91e9          ld   r30,y+
0002aa 91f9          ld   r31,y+
0002ab 91a9          ld   r26,y+
0002ac 91b9          ld   r27,y+
                 strcmp0:
0002ad 916d          ld   r22,x+
0002ae 9171          ld   r23,z+
0002af 1767          cp   r22,r23
0002b0 f421          brne strcmp1
0002b1 2366          tst  r22
0002b2 f7d1          brne strcmp0
                 strcmp3:
0002b3 27ee          clr  r30
0002b4 9508          ret
                 strcmp1:
0002b5 1b67          sub  r22,r23
0002b6 f3e1          breq strcmp3
0002b7 e0e1          ldi  r30,1
0002b8 f408          brcc strcmp2
0002b9 50e2          subi r30,2
                 strcmp2:
0002ba 9508          ret
                 _strlen:
0002bb 91a9          ld   r26,y+
0002bc 91b9          ld   r27,y+
0002bd 27ee          clr  r30
0002be 27ff          clr  r31
                 strlen0:
0002bf 916d          ld   r22,x+
0002c0 2366          tst  r22
0002c1 f011          breq strlen1
0002c2 9631          adiw r30,1
0002c3 cffb          rjmp strlen0
                 strlen1:
0002c4 9508          ret
                 	#ifndef __SLEEP_DEFINED__
                 	#endif
                 
                 	.CSEG
                 
                 	.CSEG
                 
                 	.DSEG
                 _ADC_OUT:
0001a6           	.BYTE 0x4
                 _voltage:
0001aa           	.BYTE 0x4
                 _temperature:
0001ae           	.BYTE 0x4
                 _buffer:
0001b2           	.BYTE 0x5
                 _i:
0001b7           	.BYTE 0x2
                 
                 	.CSEG
                 ;OPTIMIZER ADDED SUBROUTINE, CALLED 2 TIMES, CODE SIZE REDUCTION:8 WORDS
                 SUBOPT_0x0:
0002c5 920a      	ST   -Y,R0
0002c6 921a      	ST   -Y,R1
0002c7 92fa      	ST   -Y,R15
0002c8 936a      	ST   -Y,R22
0002c9 937a      	ST   -Y,R23
0002ca 938a      	ST   -Y,R24
0002cb 939a      	ST   -Y,R25
0002cc 93aa      	ST   -Y,R26
0002cd 93ba      	ST   -Y,R27
0002ce 93ea      	ST   -Y,R30
0002cf 93fa      	ST   -Y,R31
0002d0 b7ef      	IN   R30,SREG
0002d1 93ea      	ST   -Y,R30
0002d2 9508      	RET
                 
                 ;OPTIMIZER ADDED SUBROUTINE, CALLED 10 TIMES, CODE SIZE REDUCTION:15 WORDS
                 SUBOPT_0x1:
0002d3 ebe2      	LDI  R30,LOW(_buffer)
0002d4 e0f1      	LDI  R31,HIGH(_buffer)
0002d5 93fa      	ST   -Y,R31
0002d6 93ea      	ST   -Y,R30
0002d7 9508      	RET
                 
                 ;OPTIMIZER ADDED SUBROUTINE, CALLED 10 TIMES, CODE SIZE REDUCTION:24 WORDS
                 SUBOPT_0x2:
0002d8 93fa      	ST   -Y,R31
0002d9 93ea      	ST   -Y,R30
0002da 940e 02a9 	CALL _strcmp
0002dc 30e0      	CPI  R30,0
0002dd 9508      	RET
                 
                 ;OPTIMIZER ADDED SUBROUTINE, CALLED 2 TIMES, CODE SIZE REDUCTION:13 WORDS
                 SUBOPT_0x3:
0002de 2dea      	MOV  R30,R10
0002df 5de0      	SUBI R30,-LOW(48)
0002e0 93ea      	ST   -Y,R30
0002e1 940e 00c2 	CALL _uart_char_send
0002e3 2ded      	MOV  R30,R13
0002e4 5de0      	SUBI R30,-LOW(48)
0002e5 93ea      	ST   -Y,R30
0002e6 940e 00c2 	CALL _uart_char_send
0002e8 e0ea      	LDI  R30,LOW(10)
0002e9 93ea      	ST   -Y,R30
0002ea 940e 00c2 	CALL _uart_char_send
0002ec e0ed      	LDI  R30,LOW(13)
0002ed 93ea      	ST   -Y,R30
0002ee 940c 00c2 	JMP  _uart_char_send
                 
                 ;OPTIMIZER ADDED SUBROUTINE, CALLED 2 TIMES, CODE SIZE REDUCTION:1 WORDS
                 SUBOPT_0x4:
                +
0002f0 e0ea     +LDI R30 , LOW ( 0xA )
0002f1 e0f0     +LDI R31 , HIGH ( 0xA )
0002f2 e060     +LDI R22 , BYTE3 ( 0xA )
0002f3 e070     +LDI R23 , BYTE4 ( 0xA )
                 	__GETD1N 0xA
0002f4 940e 033f 	CALL __DIVD21U
0002f6 9508      	RET
                 
                 ;OPTIMIZER ADDED SUBROUTINE, CALLED 2 TIMES, CODE SIZE REDUCTION:3 WORDS
                 SUBOPT_0x5:
0002f7 91a0 01ae 	LDS  R26,_temperature
0002f9 91b0 01af 	LDS  R27,_temperature+1
0002fb 9180 01b0 	LDS  R24,_temperature+2
0002fd 9190 01b1 	LDS  R25,_temperature+3
0002ff 9508      	RET
                 
                 
                 	.CSEG
                 _delay_ms:
000300 91e9      	ld   r30,y+
000301 91f9      	ld   r31,y+
000302 9630      	adiw r30,0
000303 f039      	breq __delay_ms1
                 __delay_ms0:
                +
000304 ed80     +LDI R24 , LOW ( 0x7D0 )
000305 e097     +LDI R25 , HIGH ( 0x7D0 )
                +__DELAY_USW_LOOP :
000306 9701     +SBIW R24 , 1
000307 f7f1     +BRNE __DELAY_USW_LOOP
                 	__DELAY_USW 0x7D0
000308 95a8      	wdr
000309 9731      	sbiw r30,1
00030a f7c9      	brne __delay_ms0
                 __delay_ms1:
00030b 9508      	ret
                 
                 __MULD12U:
00030c 9f7a      	MUL  R23,R26
00030d 2d70      	MOV  R23,R0
00030e 9f6b      	MUL  R22,R27
00030f 0d70      	ADD  R23,R0
000310 9ff8      	MUL  R31,R24
000311 0d70      	ADD  R23,R0
000312 9fe9      	MUL  R30,R25
000313 0d70      	ADD  R23,R0
000314 9f6a      	MUL  R22,R26
000315 2d60      	MOV  R22,R0
000316 0d71      	ADD  R23,R1
000317 9ffb      	MUL  R31,R27
000318 0d60      	ADD  R22,R0
000319 1d71      	ADC  R23,R1
00031a 9fe8      	MUL  R30,R24
00031b 0d60      	ADD  R22,R0
00031c 1d71      	ADC  R23,R1
00031d 2788      	CLR  R24
00031e 9ffa      	MUL  R31,R26
00031f 2df0      	MOV  R31,R0
000320 0d61      	ADD  R22,R1
000321 1f78      	ADC  R23,R24
000322 9feb      	MUL  R30,R27
000323 0df0      	ADD  R31,R0
000324 1d61      	ADC  R22,R1
000325 1f78      	ADC  R23,R24
000326 9fea      	MUL  R30,R26
000327 2de0      	MOV  R30,R0
000328 0df1      	ADD  R31,R1
000329 1f68      	ADC  R22,R24
00032a 1f78      	ADC  R23,R24
00032b 9508      	RET
                 
                 __DIVW21U:
00032c 2400      	CLR  R0
00032d 2411      	CLR  R1
00032e e190      	LDI  R25,16
                 __DIVW21U1:
00032f 0faa      	LSL  R26
000330 1fbb      	ROL  R27
000331 1c00      	ROL  R0
000332 1c11      	ROL  R1
000333 1a0e      	SUB  R0,R30
000334 0a1f      	SBC  R1,R31
000335 f418      	BRCC __DIVW21U2
000336 0e0e      	ADD  R0,R30
000337 1e1f      	ADC  R1,R31
000338 c001      	RJMP __DIVW21U3
                 __DIVW21U2:
000339 60a1      	SBR  R26,1
                 __DIVW21U3:
00033a 959a      	DEC  R25
00033b f799      	BRNE __DIVW21U1
00033c 01fd      	MOVW R30,R26
00033d 01d0      	MOVW R26,R0
00033e 9508      	RET
                 
                 __DIVD21U:
00033f 933f      	PUSH R19
000340 934f      	PUSH R20
000341 935f      	PUSH R21
000342 2400      	CLR  R0
000343 2411      	CLR  R1
000344 2744      	CLR  R20
000345 2755      	CLR  R21
000346 e230      	LDI  R19,32
                 __DIVD21U1:
000347 0faa      	LSL  R26
000348 1fbb      	ROL  R27
000349 1f88      	ROL  R24
00034a 1f99      	ROL  R25
00034b 1c00      	ROL  R0
00034c 1c11      	ROL  R1
00034d 1f44      	ROL  R20
00034e 1f55      	ROL  R21
00034f 1a0e      	SUB  R0,R30
000350 0a1f      	SBC  R1,R31
000351 0b46      	SBC  R20,R22
000352 0b57      	SBC  R21,R23
000353 f428      	BRCC __DIVD21U2
000354 0e0e      	ADD  R0,R30
000355 1e1f      	ADC  R1,R31
000356 1f46      	ADC  R20,R22
000357 1f57      	ADC  R21,R23
000358 c001      	RJMP __DIVD21U3
                 __DIVD21U2:
000359 60a1      	SBR  R26,1
                 __DIVD21U3:
00035a 953a      	DEC  R19
00035b f759      	BRNE __DIVD21U1
00035c 01fd      	MOVW R30,R26
00035d 01bc      	MOVW R22,R24
00035e 01d0      	MOVW R26,R0
00035f 01ca      	MOVW R24,R20
000360 915f      	POP  R21
000361 914f      	POP  R20
000362 913f      	POP  R19
000363 9508      	RET
                 
                 __MODW21U:
000364 dfc7      	RCALL __DIVW21U
000365 01fd      	MOVW R30,R26
000366 9508      	RET
                 
                 __MODD21U:
000367 dfd7      	RCALL __DIVD21U
000368 01fd      	MOVW R30,R26
000369 01bc      	MOVW R22,R24
00036a 9508      	RET
                 
                 __SAVELOCR4:
00036b 933a      	ST   -Y,R19
                 __SAVELOCR3:
00036c 932a      	ST   -Y,R18
                 __SAVELOCR2:
00036d 931a      	ST   -Y,R17
00036e 930a      	ST   -Y,R16
00036f 9508      	RET
                 
                 __LOADLOCR4:
000370 813b      	LDD  R19,Y+3
                 __LOADLOCR3:
000371 812a      	LDD  R18,Y+2
                 __LOADLOCR2:
000372 8119      	LDD  R17,Y+1
000373 8108      	LD   R16,Y
000374 9508      	RET
                 
                 ;END OF CODE MARKER
                 __END_OF_CODE:


RESOURCE USE INFORMATION
------------------------

Notice:
The register and instruction counts are symbol table hit counts,
and hence implicitly used resources are not counted, eg, the
'lpm' instruction without operands implicitly uses r0 and z,
none of which are counted.

x,y,z are separate entities in the symbol table and are
counted separately from r26..r31 here.

.dseg memory usage only counts static data declared with .byte

ATmega16 register use summary:
r0 :  26 r1 :  17 r2 :   0 r3 :   0 r4 :   4 r5 :   0 r6 :  13 r7 :   0 
r8 :  11 r9 :   0 r10:   3 r11:   0 r12:   0 r13:   3 r14:   0 r15:   2 
r16:   4 r17:  12 r18:   6 r19:   9 r20:   7 r21:   6 r22:  30 r23:  25 
r24:  28 r25:  12 r26:  50 r27:  19 r28:   3 r29:   1 r30: 224 r31:  82 
x  :  10 y  :  64 z  :   9 
Registers used: 27 out of 35 (77.1%)

ATmega16 instruction use summary:
.lds  :   0 .lds.l:   0 .sts  :   0 .sts.l:   0 adc   :  12 add   :  12 
adiw  :   6 and   :   0 andi  :   0 asr   :   0 bclr  :   0 bld   :   0 
brbc  :   0 brbs  :   0 brcc  :   3 brcs  :   0 break :   0 breq  :   5 
brge  :   0 brhc  :   0 brhs  :   0 brid  :   0 brie  :   0 brlo  :   4 
brlt  :   0 brmi  :   0 brne  :  29 brpl  :   0 brsh  :   1 brtc  :   0 
brts  :   0 brvc  :   0 brvs  :   0 bset  :   0 bst   :   0 call  :  42 
cbi   :   9 cbr   :   0 clc   :   0 clh   :   0 cli   :   1 cln   :   0 
clr   :  14 cls   :   0 clt   :   0 clv   :   0 clz   :   0 com   :   0 
cp    :   2 cpc   :   9 cpi   :  13 cpse  :   0 dec   :   4 des   :   0 
eor   :   0 fmul  :   0 fmuls :   0 fmulsu:   0 icall :   0 ijmp  :   0 
in    :   5 inc   :   0 jmp   :  24 ld    :  30 ldd   :   7 ldi   : 147 
lds   :  14 lpm   :   7 lsl   :   2 lsr   :   0 mov   :  11 movw  :  40 
mul   :  10 muls  :   0 mulsu :   0 neg   :   0 nop   :   0 or    :   0 
ori   :   1 out   :  54 pop   :   3 push  :   3 rcall :   5 ret   :  18 
reti  :   2 rjmp  :  46 rol   :  10 ror   :   0 sbc   :   4 sbci  :   2 
sbi   :  11 sbic  :   0 sbis  :  11 sbiw  :   7 sbr   :   2 sbrc  :   0 
sbrs  :   0 sec   :   0 seh   :   0 sei   :   1 sen   :   0 ser   :   0 
ses   :   0 set   :   0 sev   :   0 sez   :   0 sleep :   0 spm   :   0 
st    :  39 std   :   0 sts   :  14 sub   :   3 subi  :   5 swap  :   0 
tst   :   2 wdr   :   1 
Instructions used: 49 out of 116 (42.2%)

ATmega16 memory use summary [bytes]:
Segment   Begin    End      Code   Data   Used    Size   Use%
---------------------------------------------------------------
[.cseg] 0x000000 0x0006ea   1602    168   1770   16384  10.8%
[.dseg] 0x000060 0x0001b9      0     89     89    1119   8.0%
[.eseg] 0x000000 0x000000      0      0      0     512   0.0%

Assembly complete, 0 errors, 6 warnings
